Component: ARM Compiler 5.05 update 2 (build 169) Tool: armlink [4d0f33]

==============================================================================

Section Cross References

    startup_stm32f10x_md.o(RESET) refers to startup_stm32f10x_md.o(STACK) for __initial_sp
    startup_stm32f10x_md.o(RESET) refers to startup_stm32f10x_md.o(.text) for Reset_Handler
    startup_stm32f10x_md.o(RESET) refers to stm32f10x_it.o(i.NMI_Handler) for NMI_Handler
    startup_stm32f10x_md.o(RESET) refers to stm32f10x_it.o(i.HardFault_Handler) for HardFault_Handler
    startup_stm32f10x_md.o(RESET) refers to stm32f10x_it.o(i.MemManage_Handler) for MemManage_Handler
    startup_stm32f10x_md.o(RESET) refers to stm32f10x_it.o(i.BusFault_Handler) for BusFault_Handler
    startup_stm32f10x_md.o(RESET) refers to stm32f10x_it.o(i.UsageFault_Handler) for UsageFault_Handler
    startup_stm32f10x_md.o(RESET) refers to stm32f10x_it.o(i.SVC_Handler) for SVC_Handler
    startup_stm32f10x_md.o(RESET) refers to stm32f10x_it.o(i.DebugMon_Handler) for DebugMon_Handler
    startup_stm32f10x_md.o(RESET) refers to stm32f10x_it.o(i.PendSV_Handler) for PendSV_Handler
    startup_stm32f10x_md.o(RESET) refers to stm32f10x_it.o(i.SysTick_Handler) for SysTick_Handler
    startup_stm32f10x_md.o(RESET) refers to stm32f10x_it.o(i.TIM3_IRQHandler) for TIM3_IRQHandler
    startup_stm32f10x_md.o(RESET) refers to stm32f10x_it.o(i.USART1_IRQHandler) for USART1_IRQHandler
    startup_stm32f10x_md.o(.text) refers to system_stm32f10x.o(i.SystemInit) for SystemInit
    startup_stm32f10x_md.o(.text) refers to entry.o(.ARM.Collect$$$$00000000) for __main
    system_stm32f10x.o(i.SetSysClock) refers to system_stm32f10x.o(i.SetSysClockTo72) for SetSysClockTo72
    system_stm32f10x.o(i.SystemCoreClockUpdate) refers to system_stm32f10x.o(.data) for SystemCoreClock
    system_stm32f10x.o(i.SystemInit) refers to system_stm32f10x.o(i.SetSysClock) for SetSysClock
    stm32f10x_adc.o(i.ADC_DeInit) refers to stm32f10x_rcc.o(i.RCC_APB2PeriphResetCmd) for RCC_APB2PeriphResetCmd
    stm32f10x_bkp.o(i.BKP_DeInit) refers to stm32f10x_rcc.o(i.RCC_BackupResetCmd) for RCC_BackupResetCmd
    stm32f10x_can.o(i.CAN_DeInit) refers to stm32f10x_rcc.o(i.RCC_APB1PeriphResetCmd) for RCC_APB1PeriphResetCmd
    stm32f10x_can.o(i.CAN_GetITStatus) refers to stm32f10x_can.o(i.CheckITStatus) for CheckITStatus
    stm32f10x_cec.o(i.CEC_DeInit) refers to stm32f10x_rcc.o(i.RCC_APB1PeriphResetCmd) for RCC_APB1PeriphResetCmd
    stm32f10x_dac.o(i.DAC_DeInit) refers to stm32f10x_rcc.o(i.RCC_APB1PeriphResetCmd) for RCC_APB1PeriphResetCmd
    stm32f10x_flash.o(i.FLASH_EnableWriteProtection) refers to stm32f10x_flash.o(i.FLASH_WaitForLastOperation) for FLASH_WaitForLastOperation
    stm32f10x_flash.o(i.FLASH_EraseAllBank1Pages) refers to stm32f10x_flash.o(i.FLASH_WaitForLastBank1Operation) for FLASH_WaitForLastBank1Operation
    stm32f10x_flash.o(i.FLASH_EraseAllPages) refers to stm32f10x_flash.o(i.FLASH_WaitForLastOperation) for FLASH_WaitForLastOperation
    stm32f10x_flash.o(i.FLASH_EraseOptionBytes) refers to stm32f10x_flash.o(i.FLASH_GetReadOutProtectionStatus) for FLASH_GetReadOutProtectionStatus
    stm32f10x_flash.o(i.FLASH_EraseOptionBytes) refers to stm32f10x_flash.o(i.FLASH_WaitForLastOperation) for FLASH_WaitForLastOperation
    stm32f10x_flash.o(i.FLASH_ErasePage) refers to stm32f10x_flash.o(i.FLASH_WaitForLastOperation) for FLASH_WaitForLastOperation
    stm32f10x_flash.o(i.FLASH_ProgramHalfWord) refers to stm32f10x_flash.o(i.FLASH_WaitForLastOperation) for FLASH_WaitForLastOperation
    stm32f10x_flash.o(i.FLASH_ProgramOptionByteData) refers to stm32f10x_flash.o(i.FLASH_WaitForLastOperation) for FLASH_WaitForLastOperation
    stm32f10x_flash.o(i.FLASH_ProgramWord) refers to stm32f10x_flash.o(i.FLASH_WaitForLastOperation) for FLASH_WaitForLastOperation
    stm32f10x_flash.o(i.FLASH_ReadOutProtection) refers to stm32f10x_flash.o(i.FLASH_WaitForLastOperation) for FLASH_WaitForLastOperation
    stm32f10x_flash.o(i.FLASH_UserOptionByteConfig) refers to stm32f10x_flash.o(i.FLASH_WaitForLastOperation) for FLASH_WaitForLastOperation
    stm32f10x_flash.o(i.FLASH_WaitForLastBank1Operation) refers to stm32f10x_flash.o(i.FLASH_GetBank1Status) for FLASH_GetBank1Status
    stm32f10x_flash.o(i.FLASH_WaitForLastOperation) refers to stm32f10x_flash.o(i.FLASH_GetBank1Status) for FLASH_GetBank1Status
    stm32f10x_gpio.o(i.GPIO_AFIODeInit) refers to stm32f10x_rcc.o(i.RCC_APB2PeriphResetCmd) for RCC_APB2PeriphResetCmd
    stm32f10x_gpio.o(i.GPIO_DeInit) refers to stm32f10x_rcc.o(i.RCC_APB2PeriphResetCmd) for RCC_APB2PeriphResetCmd
    stm32f10x_i2c.o(i.I2C_DeInit) refers to stm32f10x_rcc.o(i.RCC_APB1PeriphResetCmd) for RCC_APB1PeriphResetCmd
    stm32f10x_i2c.o(i.I2C_Init) refers to stm32f10x_rcc.o(i.RCC_GetClocksFreq) for RCC_GetClocksFreq
    stm32f10x_pwr.o(i.PWR_DeInit) refers to stm32f10x_rcc.o(i.RCC_APB1PeriphResetCmd) for RCC_APB1PeriphResetCmd
[...]
    Removing stm32f10x_tim.o(i.TIM_CCxNCmd), (30 bytes).
    Removing stm32f10x_tim.o(i.TIM_ClearITPendingBit), (6 bytes).
    Removing stm32f10x_tim.o(i.TIM_ClearOC1Ref), (18 bytes).
    Removing stm32f10x_tim.o(i.TIM_ClearOC2Ref), (24 bytes).
    Removing stm32f10x_tim.o(i.TIM_ClearOC3Ref), (18 bytes).
    Removing stm32f10x_tim.o(i.TIM_ClearOC4Ref), (24 bytes).
    Removing stm32f10x_tim.o(i.TIM_CounterModeConfig), (18 bytes).
    Removing stm32f10x_tim.o(i.TIM_CtrlPWMOutputs), (30 bytes).
    Removing stm32f10x_tim.o(i.TIM_DMACmd), (18 bytes).
    Removing stm32f10x_tim.o(i.TIM_DMAConfig), (10 bytes).
    Removing stm32f10x_tim.o(i.TIM_DeInit), (488 bytes).
    Removing stm32f10x_tim.o(i.TIM_ETRClockMode1Config), (54 bytes).
    Removing stm32f10x_tim.o(i.TIM_ETRClockMode2Config), (32 bytes).
    Removing stm32f10x_tim.o(i.TIM_ETRConfig), (28 bytes).
    Removing stm32f10x_tim.o(i.TIM_EncoderInterfaceConfig), (66 bytes).
    Removing stm32f10x_tim.o(i.TIM_ForcedOC1Config), (18 bytes).
    Removing stm32f10x_tim.o(i.TIM_ForcedOC2Config), (26 bytes).
    Removing stm32f10x_tim.o(i.TIM_ForcedOC3Config), (18 bytes).
    Removing stm32f10x_tim.o(i.TIM_ForcedOC4Config), (26 bytes).
    Removing stm32f10x_tim.o(i.TIM_GenerateEvent), (4 bytes).
    Removing stm32f10x_tim.o(i.TIM_GetCapture1), (6 bytes).
    Removing stm32f10x_tim.o(i.TIM_GetCapture2), (6 bytes).
    Removing stm32f10x_tim.o(i.TIM_GetCapture3), (6 bytes).
    Removing stm32f10x_tim.o(i.TIM_GetCapture4), (8 bytes).
    Removing stm32f10x_tim.o(i.TIM_GetCounter), (6 bytes).
    Removing stm32f10x_tim.o(i.TIM_GetFlagStatus), (18 bytes).
    Removing stm32f10x_tim.o(i.TIM_GetITStatus), (34 bytes).
    Removing stm32f10x_tim.o(i.TIM_GetPrescaler), (6 bytes).
    Removing stm32f10x_tim.o(i.TIM_ICInit), (172 bytes).
    Removing stm32f10x_tim.o(i.TIM_ICStructInit), (18 bytes).
    Removing stm32f10x_tim.o(i.TIM_ITRxExternalClockConfig), (24 bytes).
    Removing stm32f10x_tim.o(i.TIM_InternalClockConfig), (12 bytes).
    Removing stm32f10x_tim.o(i.TIM_OC1FastConfig), (18 bytes).
    Removing stm32f10x_tim.o(i.TIM_OC1NPolarityConfig), (18 bytes).
    Removing stm32f10x_tim.o(i.TIM_OC1PolarityConfig), (18 bytes).
    Removing stm32f10x_tim.o(i.TIM_OC2FastConfig), (26 bytes).
    Removing stm32f10x_tim.o(i.TIM_OC2NPolarityConfig), (26 bytes).
    Removing stm32f10x_tim.o(i.TIM_OC2PolarityConfig), (26 bytes).
    Removing stm32f10x_tim.o(i.TIM_OC3FastConfig), (18 bytes).
    Removing stm32f10x_tim.o(i.TIM_OC3NPolarityConfig), (26 bytes).
    Removing stm32f10x_tim.o(i.TIM_OC3PolarityConfig), (26 bytes).
    Removing stm32f10x_tim.o(i.TIM_OC4FastConfig), (26 bytes).
    Removing stm32f10x_tim.o(i.TIM_OC4PolarityConfig), (26 bytes).
    Removing stm32f10x_tim.o(i.TIM_OCStructInit), (20 bytes).
    Removing stm32f10x_tim.o(i.TIM_PWMIConfig), (124 bytes).
    Removing stm32f10x_tim.o(i.TIM_PrescalerConfig), (6 bytes).
    Removing stm32f10x_tim.o(i.TIM_SelectCCDMA), (24 bytes).
    Removing stm32f10x_tim.o(i.TIM_SelectCOM), (24 bytes).
    Removing stm32f10x_tim.o(i.TIM_SelectHallSensor), (24 bytes).
    Removing stm32f10x_tim.o(i.TIM_SelectInputTrigger), (18 bytes).
    Removing stm32f10x_tim.o(i.TIM_SelectMasterSlaveMode), (18 bytes).
    Removing stm32f10x_tim.o(i.TIM_SelectOCxM), (82 bytes).
    Removing stm32f10x_tim.o(i.TIM_SelectOnePulseMode), (18 bytes).
    Removing stm32f10x_tim.o(i.TIM_SelectOutputTrigger), (18 bytes).
    Removing stm32f10x_tim.o(i.TIM_SelectSlaveMode), (18 bytes).
    Removing stm32f10x_tim.o(i.TIM_SetAutoreload), (4 bytes).
    Removing stm32f10x_tim.o(i.TIM_SetClockDivision), (18 bytes).
    Removing stm32f10x_tim.o(i.TIM_SetCompare1), (4 bytes).
    Removing stm32f10x_tim.o(i.TIM_SetCompare2), (4 bytes).
    Removing stm32f10x_tim.o(i.TIM_SetCompare3), (4 bytes).
    Removing stm32f10x_tim.o(i.TIM_SetCompare4), (6 bytes).
    Removing stm32f10x_tim.o(i.TIM_SetCounter), (4 bytes).
    Removing stm32f10x_tim.o(i.TIM_SetIC1Prescaler), (18 bytes).
    Removing stm32f10x_tim.o(i.TIM_SetIC2Prescaler), (26 bytes).
    Removing stm32f10x_tim.o(i.TIM_SetIC3Prescaler), (18 bytes).
    Removing stm32f10x_tim.o(i.TIM_SetIC4Prescaler), (26 bytes).
    Removing stm32f10x_tim.o(i.TIM_TIxExternalClockConfig), (62 bytes).
    Removing stm32f10x_tim.o(i.TIM_TimeBaseStructInit), (18 bytes).
    Removing stm32f10x_tim.o(i.TIM_UpdateDisableConfig), (24 bytes).
    Removing stm32f10x_tim.o(i.TIM_UpdateRequestConfig), (24 bytes).
    Removing stm32f10x_usart.o(i.USART_ClearFlag), (18 bytes).
    Removing stm32f10x_usart.o(i.USART_ClearITPendingBit), (30 bytes).
    Removing stm32f10x_usart.o(i.USART_ClockInit), (34 bytes).
    Removing stm32f10x_usart.o(i.USART_ClockStructInit), (12 bytes).
    Removing stm32f10x_usart.o(i.USART_DMACmd), (18 bytes).
    Removing stm32f10x_usart.o(i.USART_DeInit), (156 bytes).
    Removing stm32f10x_usart.o(i.USART_HalfDuplexCmd), (24 bytes).
    Removing stm32f10x_usart.o(i.USART_IrDACmd), (24 bytes).
    Removing stm32f10x_usart.o(i.USART_IrDAConfig), (18 bytes).
    Removing stm32f10x_usart.o(i.USART_LINBreakDetectLengthConfig), (18 bytes).
    Removing stm32f10x_usart.o(i.USART_LINCmd), (24 bytes).
    Removing stm32f10x_usart.o(i.USART_OneBitMethodCmd), (24 bytes).
    Removing stm32f10x_usart.o(i.USART_OverSampling8Cmd), (22 bytes).
    Removing stm32f10x_usart.o(i.USART_ReceiverWakeUpCmd), (24 bytes).
    Removing stm32f10x_usart.o(i.USART_SendBreak), (10 bytes).
    Removing stm32f10x_usart.o(i.USART_SetAddress), (18 bytes).
    Removing stm32f10x_usart.o(i.USART_SetGuardTime), (16 bytes).
    Removing stm32f10x_usart.o(i.USART_SetPrescaler), (16 bytes).
    Removing stm32f10x_usart.o(i.USART_SmartCardCmd), (24 bytes).
    Removing stm32f10x_usart.o(i.USART_SmartCardNACKCmd), (24 bytes).
    Removing stm32f10x_usart.o(i.USART_StructInit), (24 bytes).
    Removing stm32f10x_usart.o(i.USART_WakeUpConfig), (18 bytes).
    Removing stm32f10x_wwdg.o(i.WWDG_ClearFlag), (12 bytes).
    Removing stm32f10x_wwdg.o(i.WWDG_DeInit), (22 bytes).
    Removing stm32f10x_wwdg.o(i.WWDG_Enable), (16 bytes).
    Removing stm32f10x_wwdg.o(i.WWDG_EnableIT), (12 bytes).
    Removing stm32f10x_wwdg.o(i.WWDG_GetFlagStatus), (12 bytes).
    Removing stm32f10x_wwdg.o(i.WWDG_SetCounter), (16 bytes).
    Removing stm32f10x_wwdg.o(i.WWDG_SetPrescaler), (24 bytes).
    Removing stm32f10x_wwdg.o(i.WWDG_SetWindowValue), (40 bytes).
    Removing main.o(i.Task_1000HZ), (48 bytes).
    Removing main.o(i.Task_250HZ), (20 bytes).
    Removing main.o(i.Task_500HZ), (20 bytes).
    Removing eeprom.o(i.EE_PageTransfer), (244 bytes).
    Removing eeprom.o(i.EE_WriteVariable), (36 bytes).
    Removing struct.o(i.EEPROM_INIT), (72 bytes).
    Removing struct.o(i.EEPROM_READ_ACC_OFFSET), (80 bytes).
    Removing struct.o(i.EEPROM_READ_GYRO_OFFSET), (80 bytes).
    Removing struct.o(i.EEPROM_READ_PID), (336 bytes).
    Removing struct.o(i.EEPROM_SAVE_ACC_OFFSET), (68 bytes).
    Removing struct.o(i.EEPROM_SAVE_GYRO_OFFSET), (68 bytes).
    Removing struct.o(i.EEPROM_SAVE_PID), (316 bytes).
    Removing struct.o(i.PID_Reset), (136 bytes).
    Removing struct.o(i.__set_PRIMASK), (6 bytes).
    Removing struct.o(.bss), (152 bytes).
    Removing filter.o(i.ACC_IIR_Filter), (180 bytes).
    Removing filter.o(i.Gyro_Filter), (172 bytes).
    Removing maths.o(i.Get_Radian), (68 bytes).
    Removing maths.o(i.invSqrt), (76 bytes).
    Removing maths.o(.data), (10 bytes).
    Removing imu.o(i.Get_Eulerian_Angle), (280 bytes).
    Removing imu.o(i.IMUupdate), (1028 bytes).
    Removing imu.o(.data), (40 bytes).
    Removing bsp_usart.o(i.Usart_SendString), (42 bytes).
    Removing bsp_usart.o(i.fgetc), (32 bytes).
    Removing bsp_adc.o(i.Voltage_Printf), (136 bytes).
    Removing bsp_adc.o(.data), (2 bytes).
    Removing bsp_mpu.o(i.MPU6050_Print_USART), (260 bytes).
    Removing fflti.o(.text), (18 bytes).
    Removing ffltui.o(.text), (10 bytes).
    Removing ffixi.o(.text), (50 bytes).
    Removing ffixui.o(.text), (40 bytes).
    Removing f2d.o(.text), (38 bytes).
    Removing d2f.o(.text), (56 bytes).
    Removing dscalb.o(.text), (46 bytes).
    Removing dsqrt.o(.text), (162 bytes).
    Removing cdcmple.o(.text), (48 bytes).

458 unused section(s) (total 20816 bytes) removed from the image.

==============================================================================

Image Symbol Table

    Local Symbols

    Symbol Name                              Value     Ov Type        Size  Object(Section)

    ../clib/microlib/division.c              0x00000000   Number         0  uidiv.o ABSOLUTE
    ../clib/microlib/division.c              0x00000000   Number         0  uldiv.o ABSOLUTE
    ../clib/microlib/errno.c                 0x00000000   Number         0  errno.o ABSOLUTE
    ../clib/microlib/init/entry.s            0x00000000   Number         0  entry11b.o ABSOLUTE
    ../clib/microlib/init/entry.s            0x00000000   Number         0  entry10a.o ABSOLUTE
    ../clib/microlib/init/entry.s            0x00000000   Number         0  entry9b.o ABSOLUTE
    ../clib/microlib/init/entry.s            0x00000000   Number         0  entry5.o ABSOLUTE
    ../clib/microlib/init/entry.s            0x00000000   Number         0  entry10b.o ABSOLUTE
    ../clib/microlib/init/entry.s            0x00000000   Number         0  entry.o ABSOLUTE
    ../clib/microlib/init/entry.s            0x00000000   Number         0  entry11a.o ABSOLUTE
    ../clib/microlib/init/entry.s            0x00000000   Number         0  entry8a.o ABSOLUTE
    ../clib/microlib/init/entry.s            0x00000000   Number         0  entry7b.o ABSOLUTE
    ../clib/microlib/init/entry.s            0x00000000   Number         0  entry7a.o ABSOLUTE
    ../clib/microlib/init/entry.s            0x00000000   Number         0  entry2.o ABSOLUTE
    ../clib/microlib/init/entry.s            0x00000000   Number         0  entry9a.o ABSOLUTE
    ../clib/microlib/init/entry.s            0x00000000   Number         0  entry8b.o ABSOLUTE
    ../clib/microlib/longlong.c              0x00000000   Number         0  llsshr.o ABSOLUTE
    ../clib/microlib/longlong.c              0x00000000   Number         0  llushr.o ABSOLUTE
    ../clib/microlib/longlong.c              0x00000000   Number         0  llshl.o ABSOLUTE
    ../clib/microlib/printf/printf.c         0x00000000   Number         0  printf7.o ABSOLUTE
    ../clib/microlib/printf/printf.c         0x00000000   Number         0  printf6.o ABSOLUTE
    ../clib/microlib/printf/printf.c         0x00000000   Number         0  printf4.o ABSOLUTE
    ../clib/microlib/printf/printf.c         0x00000000   Number         0  printf2.o ABSOLUTE
    ../clib/microlib/printf/printf.c         0x00000000   Number         0  printf3.o ABSOLUTE
    ../clib/microlib/printf/printf.c         0x00000000   Number         0  printf1.o ABSOLUTE
    ../clib/microlib/printf/printf.c         0x00000000   Number         0  printf0.o ABSOLUTE
    ../clib/microlib/printf/printf.c         0x00000000   Number         0  printf8.o ABSOLUTE
    ../clib/microlib/printf/printf.c         0x00000000   Number         0  printfa.o ABSOLUTE
    ../clib/microlib/printf/printf.c         0x00000000   Number         0  printfb.o ABSOLUTE
    ../clib/microlib/printf/printf.c         0x00000000   Number         0  printf5.o ABSOLUTE
    ../clib/microlib/printf/stubs.s          0x00000000   Number         0  stubs.o ABSOLUTE
    ../clib/microlib/stdio/streams.c         0x00000000   Number         0  stdout.o ABSOLUTE
    ../clib/microlib/stubs.s                 0x00000000   Number         0  iusefp.o ABSOLUTE
    ../fplib/microlib/d2f.c                  0x00000000   Number         0  d2f.o ABSOLUTE
    ../fplib/microlib/f2d.c                  0x00000000   Number         0  f2d.o ABSOLUTE
    ../fplib/microlib/fpadd.c                0x00000000   Number         0  fadd.o ABSOLUTE
    ../fplib/microlib/fpadd.c                0x00000000   Number         0  dadd.o ABSOLUTE
    ../fplib/microlib/fpdiv.c                0x00000000   Number         0  fdiv.o ABSOLUTE
    ../fplib/microlib/fpdiv.c                0x00000000   Number         0  ddiv.o ABSOLUTE
    ../fplib/microlib/fpepilogue.c           0x00000000   Number         0  fepilogue.o ABSOLUTE
    ../fplib/microlib/fpepilogue.c           0x00000000   Number         0  depilogue.o ABSOLUTE
    ../fplib/microlib/fpfix.c                0x00000000   Number         0  ffixi.o ABSOLUTE
    ../fplib/microlib/fpfix.c                0x00000000   Number         0  dfixul.o ABSOLUTE
    ../fplib/microlib/fpfix.c                0x00000000   Number         0  ffixui.o ABSOLUTE
    ../fplib/microlib/fpflt.c                0x00000000   Number         0  ffltui.o ABSOLUTE
    ../fplib/microlib/fpflt.c                0x00000000   Number         0  fflti.o ABSOLUTE
    ../fplib/microlib/fpmul.c                0x00000000   Number         0  dmul.o ABSOLUTE
    ../fplib/microlib/fpmul.c                0x00000000   Number         0  fmul.o ABSOLUTE
    ../fplib/microlib/fpscalb.c              0x00000000   Number         0  dscalb.o ABSOLUTE
    ../fplib/microlib/fpsqrt.c               0x00000000   Number         0  dsqrt.o ABSOLUTE
    ../mathlib/asin.c                        0x00000000   Number         0  asin.o ABSOLUTE
    ../mathlib/asin.c                        0x00000000   Number         0  asin_x.o ABSOLUTE
    ../mathlib/atan.c                        0x00000000   Number         0  atan_x.o ABSOLUTE
    ../mathlib/atan.c                        0x00000000   Number         0  atan.o ABSOLUTE
    ../mathlib/atan2.c                       0x00000000   Number         0  atan2.o ABSOLUTE
    ../mathlib/atan2.c                       0x00000000   Number         0  atan2_x.o ABSOLUTE
    ../mathlib/dunder.c                      0x00000000   Number         0  dunder.o ABSOLUTE
    ../mathlib/fpclassify.c                  0x00000000   Number         0  fpclassify.o ABSOLUTE
    ../mathlib/poly.c                        0x00000000   Number         0  poly.o ABSOLUTE
    ../mathlib/qnan.c                        0x00000000   Number         0  qnan.o ABSOLUTE
    ../mathlib/sqrt.c                        0x00000000   Number         0  sqrt.o ABSOLUTE
    ../mathlib/sqrt.c                        0x00000000   Number         0  sqrt_x.o ABSOLUTE
    ..\Libraries\CMSIS\core_cm3.c            0x00000000   Number         0  core_cm3.o ABSOLUTE
    ..\Libraries\CMSIS\startup\startup_stm32f10x_md.s 0x00000000   Number         0  startup_stm32f10x_md.o ABSOLUTE
    ..\Libraries\CMSIS\system_stm32f10x.c    0x00000000   Number         0  system_stm32f10x.o ABSOLUTE
    ..\Libraries\STM32F10x_StdPeriph_Driver\src\misc.c 0x00000000   Number         0  misc.o ABSOLUTE
    ..\Libraries\STM32F10x_StdPeriph_Driver\src\stm32f10x_adc.c 0x00000000   Number         0  stm32f10x_adc.o ABSOLUTE
    ..\Libraries\STM32F10x_StdPeriph_Driver\src\stm32f10x_bkp.c 0x00000000   Number         0  stm32f10x_bkp.o ABSOLUTE
    ..\Libraries\STM32F10x_StdPeriph_Driver\src\stm32f10x_can.c 0x00000000   Number         0  stm32f10x_can.o ABSOLUTE
    ..\Libraries\STM32F10x_StdPeriph_Driver\src\stm32f10x_cec.c 0x00000000   Number         0  stm32f10x_cec.o ABSOLUTE
    ..\Libraries\STM32F10x_StdPeriph_Driver\src\stm32f10x_crc.c 0x00000000   Number         0  stm32f10x_crc.o ABSOLUTE
    ..\Libraries\STM32F10x_StdPeriph_Driver\src\stm32f10x_dac.c 0x00000000   Number         0  stm32f10x_dac.o ABSOLUTE
    ..\Libraries\STM32F10x_StdPeriph_Driver\src\stm32f10x_dbgmcu.c 0x00000000   Number         0  stm32f10x_dbgmcu.o ABSOLUTE
    ..\Libraries\STM32F10x_StdPeriph_Driver\src\stm32f10x_dma.c 0x00000000   Number         0  stm32f10x_dma.o ABSOLUTE
    ..\Libraries\STM32F10x_StdPeriph_Driver\src\stm32f10x_exti.c 0x00000000   Number         0  stm32f10x_exti.o ABSOLUTE
    ..\Libraries\STM32F10x_StdPeriph_Driver\src\stm32f10x_flash.c 0x00000000   Number         0  stm32f10x_flash.o ABSOLUTE
    ..\Libraries\STM32F10x_StdPeriph_Driver\src\stm32f10x_fsmc.c 0x00000000   Number         0  stm32f10x_fsmc.o ABSOLUTE
    ..\Libraries\STM32F10x_StdPeriph_Driver\src\stm32f10x_gpio.c 0x00000000   Number         0  stm32f10x_gpio.o ABSOLUTE
    ..\Libraries\STM32F10x_StdPeriph_Driver\src\stm32f10x_i2c.c 0x00000000   Number         0  stm32f10x_i2c.o ABSOLUTE
    ..\Libraries\STM32F10x_StdPeriph_Driver\src\stm32f10x_iwdg.c 0x00000000   Number         0  stm32f10x_iwdg.o ABSOLUTE
    ..\Libraries\STM32F10x_StdPeriph_Driver\src\stm32f10x_pwr.c 0x00000000   Number         0  stm32f10x_pwr.o ABSOLUTE
    ..\Libraries\STM32F10x_StdPeriph_Driver\src\stm32f10x_rcc.c 0x00000000   Number         0  stm32f10x_rcc.o ABSOLUTE
    ..\Libraries\STM32F10x_StdPeriph_Driver\src\stm32f10x_rtc.c 0x00000000   Number         0  stm32f10x_rtc.o ABSOLUTE
    ..\Libraries\STM32F10x_StdPeriph_Driver\src\stm32f10x_sdio.c 0x00000000   Number         0  stm32f10x_sdio.o ABSOLUTE
    ..\Libraries\STM32F10x_StdPeriph_Driver\src\stm32f10x_spi.c 0x00000000   Number         0  stm32f10x_spi.o ABSOLUTE
    ..\Libraries\STM32F10x_StdPeriph_Driver\src\stm32f10x_tim.c 0x00000000   Number         0  stm32f10x_tim.o ABSOLUTE
    ..\Libraries\STM32F10x_StdPeriph_Driver\src\stm32f10x_usart.c 0x00000000   Number         0  stm32f10x_usart.o ABSOLUTE
    ..\Libraries\STM32F10x_StdPeriph_Driver\src\stm32f10x_wwdg.c 0x00000000   Number         0  stm32f10x_wwdg.o ABSOLUTE
    ..\User\ADC\bsp_adc.c                    0x00000000   Number         0  bsp_adc.o ABSOLUTE
    ..\User\Filter.c                         0x00000000   Number         0  filter.o ABSOLUTE
    ..\User\LED\bsp_led.c                    0x00000000   Number         0  bsp_led.o ABSOLUTE
    ..\User\MPU\IMU.c                        0x00000000   Number         0  imu.o ABSOLUTE
    ..\User\MPU\bsp_MPU.c                    0x00000000   Number         0  bsp_mpu.o ABSOLUTE
    ..\User\Maths.c                          0x00000000   Number         0  maths.o ABSOLUTE
    ..\User\NRF24\bsp_NRF24.c                0x00000000   Number         0  bsp_nrf24.o ABSOLUTE
    ..\User\PWM\bsp_PWM.c                    0x00000000   Number         0  bsp_pwm.o ABSOLUTE
    ..\User\PWM\bsp_TIM.c                    0x00000000   Number         0  bsp_tim.o ABSOLUTE
    ..\User\USART\bsp_usart.c                0x00000000   Number         0  bsp_usart.o ABSOLUTE
    ..\User\Utility\Protocol.c               0x00000000   Number         0  protocol.o ABSOLUTE
    ..\User\Utility\Struct.c                 0x00000000   Number         0  struct.o ABSOLUTE
    ..\User\Utility\Task.c                   0x00000000   Number         0  task.o ABSOLUTE
    ..\User\Utility\Utility.c                0x00000000   Number         0  utility.o ABSOLUTE
    ..\User\Utility\bsp_log.c                0x00000000   Number         0  bsp_log.o ABSOLUTE
    ..\User\main.c                           0x00000000   Number         0  main.o ABSOLUTE
    ..\User\stm32f10x_it.c                   0x00000000   Number         0  stm32f10x_it.o ABSOLUTE
    ..\User\utility\EEPROM.c                 0x00000000   Number         0  eeprom.o ABSOLUTE
    ..\\Libraries\\CMSIS\\core_cm3.c         0x00000000   Number         0  core_cm3.o ABSOLUTE
    cdcmple.s                                0x00000000   Number         0  cdcmple.o ABSOLUTE
    cdrcmple.s                               0x00000000   Number         0  cdrcmple.o ABSOLUTE
    dc.s                                     0x00000000   Number         0  dc.o ABSOLUTE
    handlers.s                               0x00000000   Number         0  handlers.o ABSOLUTE
    init.s                                   0x00000000   Number         0  init.o ABSOLUTE
    RESET                                    0x08000000   Section      236  startup_stm32f10x_md.o(RESET)
    .ARM.Collect$$$$00000000                 0x080000ec   Section        0  entry.o(.ARM.Collect$$$$00000000)
    .ARM.Collect$$$$00000001                 0x080000ec   Section        4  entry2.o(.ARM.Collect$$$$00000001)
    .ARM.Collect$$$$00000004                 0x080000f0   Section        4  entry5.o(.ARM.Collect$$$$00000004)
    .ARM.Collect$$$$00000008                 0x080000f4   Section        0  entry7b.o(.ARM.Collect$$$$00000008)
    .ARM.Collect$$$$0000000A                 0x080000f4   Section        0  entry8b.o(.ARM.Collect$$$$0000000A)
    .ARM.Collect$$$$0000000B                 0x080000f4   Section        8  entry9a.o(.ARM.Collect$$$$0000000B)
    .ARM.Collect$$$$0000000D                 0x080000fc   Section        0  entry10a.o(.ARM.Collect$$$$0000000D)
    .ARM.Collect$$$$0000000F                 0x080000fc   Section        0  entry11a.o(.ARM.Collect$$$$0000000F)
    .ARM.Collect$$$$00002712                 0x080000fc   Section        4  entry2.o(.ARM.Collect$$$$00002712)
    __lit__00000000                          0x080000fc   Data           4  entry2.o(.ARM.Collect$$$$00002712)
    .text                                    0x08000100   Section       36  startup_stm32f10x_md.o(.text)
    .text                                    0x08000124   Section        0  fadd.o(.text)
    .text                                    0x080001d4   Section        0  fmul.o(.text)
    .text                                    0x08000238   Section        0  fdiv.o(.text)
    .text                                    0x080002b4   Section        0  dmul.o(.text)
    .text                                    0x08000398   Section        0  uidiv.o(.text)
    .text                                    0x080003c4   Section        0  uldiv.o(.text)
    .text                                    0x08000426   Section        0  iusefp.o(.text)
    .text                                    0x08000426   Section        0  fepilogue.o(.text)
    .text                                    0x08000494   Section        0  depilogue.o(.text)
    .text                                    0x0800054e   Section        0  dadd.o(.text)
    .text                                    0x0800069c   Section        0  ddiv.o(.text)
    .text                                    0x0800077a   Section        0  dfixul.o(.text)
    .text                                    0x080007ac   Section       48  cdrcmple.o(.text)
    .text                                    0x080007dc   Section       36  init.o(.text)
    .text                                    0x08000800   Section        0  llshl.o(.text)
    .text                                    0x0800081e   Section        0  llushr.o(.text)
    .text                                    0x0800083e   Section        0  llsshr.o(.text)
    i.ADC1_GPIO_Config                       0x08000864   Section        0  bsp_adc.o(i.ADC1_GPIO_Config)
    ADC1_GPIO_Config                         0x08000865   Thumb Code    50  bsp_adc.o(i.ADC1_GPIO_Config)
    i.ADC1_Mode_Config                       0x0800089c   Section        0  bsp_adc.o(i.ADC1_Mode_Config)
    ADC1_Mode_Config                         0x0800089d   Thumb Code   228  bsp_adc.o(i.ADC1_Mode_Config)
    i.ADC_Cmd                                0x0800098c   Section        0  stm32f10x_adc.o(i.ADC_Cmd)
    i.ADC_DMACmd                             0x080009a2   Section        0  stm32f10x_adc.o(i.ADC_DMACmd)
    i.ADC_DeInit                             0x080009b8   Section        0  stm32f10x_adc.o(i.ADC_DeInit)
    i.ADC_GetCalibrationStatus               0x08000a14   Section        0  stm32f10x_adc.o(i.ADC_GetCalibrationStatus)
    i.ADC_GetResetCalibrationStatus          0x08000a28   Section        0  stm32f10x_adc.o(i.ADC_GetResetCalibrationStatus)
    i.ADC_Init                               0x08000a3c   Section        0  stm32f10x_adc.o(i.ADC_Init)
    i.ADC_RegularChannelConfig               0x08000a8c   Section        0  stm32f10x_adc.o(i.ADC_RegularChannelConfig)
    i.ADC_ResetCalibration                   0x08000b44   Section        0  stm32f10x_adc.o(i.ADC_ResetCalibration)
    i.ADC_SoftwareStartConvCmd               0x08000b4e   Section        0  stm32f10x_adc.o(i.ADC_SoftwareStartConvCmd)
    i.ADC_StartCalibration                   0x08000b64   Section        0  stm32f10x_adc.o(i.ADC_StartCalibration)
    i.ADC_TempSensorVrefintCmd               0x08000b70   Section        0  stm32f10x_adc.o(i.ADC_TempSensorVrefintCmd)
    i.ADCx_Init                              0x08000b94   Section        0  bsp_adc.o(i.ADCx_Init)
    i.BASIC_TIM_Mode_Config                  0x08000ba0   Section        0  bsp_tim.o(i.BASIC_TIM_Mode_Config)
    BASIC_TIM_Mode_Config                    0x08000ba1   Thumb Code    76  bsp_tim.o(i.BASIC_TIM_Mode_Config)
    i.BASIC_TIM_NVIC_Config                  0x08000bf4   Section        0  bsp_tim.o(i.BASIC_TIM_NVIC_Config)
    BASIC_TIM_NVIC_Config                    0x08000bf5   Thumb Code    42  bsp_tim.o(i.BASIC_TIM_NVIC_Config)
    i.BSP_Init                               0x08000c20   Section        0  main.o(i.BSP_Init)
    i.BusFault_Handler                       0x08000cb8   Section        0  stm32f10x_it.o(i.BusFault_Handler)
    i.Calculate_FilteringCoefficient         0x08000cbc   Section        0  filter.o(i.Calculate_FilteringCoefficient)
    i.DMA_Cmd                                0x08000cfc   Section        0  stm32f10x_dma.o(i.DMA_Cmd)
    i.DMA_DeInit                             0x08000d14   Section        0  stm32f10x_dma.o(i.DMA_DeInit)
    i.DMA_Init                               0x08000e60   Section        0  stm32f10x_dma.o(i.DMA_Init)
    i.DebugMon_Handler                       0x08000e9c   Section        0  stm32f10x_it.o(i.DebugMon_Handler)
    i.Delay                                  0x08000e9e   Section        0  utility.o(i.Delay)
    i.EE_FindValidPage                       0x08000eb8   Section        0  eeprom.o(i.EE_FindValidPage)
    EE_FindValidPage                         0x08000eb9   Thumb Code    80  eeprom.o(i.EE_FindValidPage)
    i.EE_Format                              0x08000f10   Section        0  eeprom.o(i.EE_Format)
    EE_Format                                0x08000f11   Thumb Code    50  eeprom.o(i.EE_Format)
    i.EE_Init                                0x08000f4c   Section        0  eeprom.o(i.EE_Init)
    i.EE_ReadVariable                        0x08000f5c   Section        0  eeprom.o(i.EE_ReadVariable)
    i.EE_VerifyPageFullWriteVariable         0x08000fbc   Section        0  eeprom.o(i.EE_VerifyPageFullWriteVariable)
    EE_VerifyPageFullWriteVariable           0x08000fbd   Thumb Code   122  eeprom.o(i.EE_VerifyPageFullWriteVariable)
    i.FLASH_ErasePage                        0x08001044   Section        0  stm32f10x_flash.o(i.FLASH_ErasePage)
    i.FLASH_GetBank1Status                   0x08001090   Section        0  stm32f10x_flash.o(i.FLASH_GetBank1Status)
    i.FLASH_ProgramHalfWord                  0x080010c4   Section        0  stm32f10x_flash.o(i.FLASH_ProgramHalfWord)
    i.FLASH_Unlock                           0x08001104   Section        0  stm32f10x_flash.o(i.FLASH_Unlock)
    i.FLASH_WaitForLastOperation             0x0800111c   Section        0  stm32f10x_flash.o(i.FLASH_WaitForLastOperation)
    i.GPIO_Init                              0x08001142   Section        0  stm32f10x_gpio.o(i.GPIO_Init)
    i.GPIO_PinRemapConfig                    0x08001258   Section        0  stm32f10x_gpio.o(i.GPIO_PinRemapConfig)
    i.GPIO_ResetBits                         0x080012e8   Section        0  stm32f10x_gpio.o(i.GPIO_ResetBits)
    i.GPIO_SetBits                           0x080012ec   Section        0  stm32f10x_gpio.o(i.GPIO_SetBits)
    i.HardFault_Handler                      0x080012f0   Section        0  stm32f10x_it.o(i.HardFault_Handler)
    i.I2C2_GPIO_Config                       0x080012f4   Section        0  bsp_mpu.o(i.I2C2_GPIO_Config)
    i.I2C_ACK                                0x08001398   Section        0  bsp_mpu.o(i.I2C_ACK)
    I2C_ACK                                  0x08001399   Thumb Code    44  bsp_mpu.o(i.I2C_ACK)
    i.I2C_NACK                               0x080013c8   Section        0  bsp_mpu.o(i.I2C_NACK)
    I2C_NACK                                 0x080013c9   Thumb Code    24  bsp_mpu.o(i.I2C_NACK)
    i.I2C_ReadByte                           0x080013e4   Section        0  bsp_mpu.o(i.I2C_ReadByte)
    I2C_ReadByte                             0x080013e5   Thumb Code    82  bsp_mpu.o(i.I2C_ReadByte)
    i.I2C_Start                              0x0800143c   Section        0  bsp_mpu.o(i.I2C_Start)
    I2C_Start                                0x0800143d   Thumb Code    82  bsp_mpu.o(i.I2C_Start)
    i.I2C_Stop                               0x08001494   Section        0  bsp_mpu.o(i.I2C_Stop)
    I2C_Stop                                 0x08001495   Thumb Code    24  bsp_mpu.o(i.I2C_Stop)
    i.I2C_WaitAck                            0x080014b0   Section        0  bsp_mpu.o(i.I2C_WaitAck)
    I2C_WaitAck                              0x080014b1   Thumb Code   102  bsp_mpu.o(i.I2C_WaitAck)
    i.I2C_WriteByte                          0x08001550   Section        0  bsp_mpu.o(i.I2C_WriteByte)
    I2C_WriteByte                            0x08001551   Thumb Code    68  bsp_mpu.o(i.I2C_WriteByte)
    i.InitCurrWrAddress                      0x08001598   Section        0  eeprom.o(i.InitCurrWrAddress)
    i.InitMPU6050                            0x080015fc   Section        0  bsp_mpu.o(i.InitMPU6050)
    i.LED_Init                               0x08001700   Section        0  bsp_led.o(i.LED_Init)
    i.MOTOR_Init                             0x0800177c   Section        0  bsp_pwm.o(i.MOTOR_Init)
    i.MPU6050_Compose                        0x080017d0   Section        0  bsp_mpu.o(i.MPU6050_Compose)
    i.MPU6050_SequenceRead                   0x08001818   Section        0  bsp_mpu.o(i.MPU6050_SequenceRead)
    i.MemManage_Handler                      0x080018cc   Section        0  stm32f10x_it.o(i.MemManage_Handler)
    i.NMI_Handler                            0x080018d0   Section        0  stm32f10x_it.o(i.NMI_Handler)
    i.NRF24L01_Check                         0x080018d4   Section        0  bsp_nrf24.o(i.NRF24L01_Check)
    i.NRF24L01_Init                          0x080019a0   Section        0  bsp_nrf24.o(i.NRF24L01_Init)
    i.NRF24L01_Set_RX                        0x08001a34   Section        0  bsp_nrf24.o(i.NRF24L01_Set_RX)
    NRF24L01_Set_RX                          0x08001a35   Thumb Code    28  bsp_nrf24.o(i.NRF24L01_Set_RX)
    i.NRF24L01_Set_TX                        0x08001a54   Section        0  bsp_nrf24.o(i.NRF24L01_Set_TX)
    NRF24L01_Set_TX                          0x08001a55   Thumb Code    28  bsp_nrf24.o(i.NRF24L01_Set_TX)
    i.NRF_Read_Buf                           0x08001a74   Section        0  bsp_nrf24.o(i.NRF_Read_Buf)
    i.NRF_Read_Reg                           0x08001ab4   Section        0  bsp_nrf24.o(i.NRF_Read_Reg)
    i.NRF_Send_TX                            0x08001ae0   Section        0  bsp_nrf24.o(i.NRF_Send_TX)
    i.NRF_Write_Buf                          0x08001b40   Section        0  bsp_nrf24.o(i.NRF_Write_Buf)
    i.NRF_Write_Reg                          0x08001b80   Section        0  bsp_nrf24.o(i.NRF_Write_Reg)
    i.NVIC_Configuration                     0x08001bac   Section        0  bsp_usart.o(i.NVIC_Configuration)
    NVIC_Configuration                       0x08001bad   Thumb Code    42  bsp_usart.o(i.NVIC_Configuration)
    i.NVIC_Init                              0x08001bd8   Section        0  misc.o(i.NVIC_Init)
    i.NVIC_PriorityGroupConfig               0x08001c48   Section        0  misc.o(i.NVIC_PriorityGroupConfig)
    i.PendSV_Handler                         0x08001c5c   Section        0  stm32f10x_it.o(i.PendSV_Handler)
    i.RCC_ADCCLKConfig                       0x08001c60   Section        0  stm32f10x_rcc.o(i.RCC_ADCCLKConfig)
    i.RCC_AHBPeriphClockCmd                  0x08001c78   Section        0  stm32f10x_rcc.o(i.RCC_AHBPeriphClockCmd)
    i.RCC_APB1PeriphClockCmd                 0x08001c98   Section        0  stm32f10x_rcc.o(i.RCC_APB1PeriphClockCmd)
    i.RCC_APB2PeriphClockCmd                 0x08001cb8   Section        0  stm32f10x_rcc.o(i.RCC_APB2PeriphClockCmd)
    i.RCC_APB2PeriphResetCmd                 0x08001cd8   Section        0  stm32f10x_rcc.o(i.RCC_APB2PeriphResetCmd)
    i.RCC_GetClocksFreq                      0x08001cf8   Section        0  stm32f10x_rcc.o(i.RCC_GetClocksFreq)
    i.SPI_Cmd                                0x08001dd0   Section        0  stm32f10x_spi.o(i.SPI_Cmd)
    i.SPI_I2S_GetFlagStatus                  0x08001de8   Section        0  stm32f10x_spi.o(i.SPI_I2S_GetFlagStatus)
    i.SPI_I2S_ReceiveData                    0x08001dfa   Section        0  stm32f10x_spi.o(i.SPI_I2S_ReceiveData)
    i.SPI_I2S_SendData                       0x08001e00   Section        0  stm32f10x_spi.o(i.SPI_I2S_SendData)
    i.SPI_Init                               0x08001e04   Section        0  stm32f10x_spi.o(i.SPI_Init)
    i.SPI_NRF24L01_Init                      0x08001e40   Section        0  bsp_nrf24.o(i.SPI_NRF24L01_Init)
    i.SPI_NRF_Init                           0x08001e58   Section        0  bsp_nrf24.o(i.SPI_NRF_Init)
    i.SPI_RW                                 0x08001f80   Section        0  bsp_nrf24.o(i.SPI_RW)
    i.SPI_TIMEOUT_UserCallback               0x08001fdc   Section        0  bsp_nrf24.o(i.SPI_TIMEOUT_UserCallback)
    SPI_TIMEOUT_UserCallback                 0x08001fdd   Thumb Code    36  bsp_nrf24.o(i.SPI_TIMEOUT_UserCallback)
    i.SVC_Handler                            0x08002034   Section        0  stm32f10x_it.o(i.SVC_Handler)
    i.SetSysClock                            0x08002036   Section        0  system_stm32f10x.o(i.SetSysClock)
    SetSysClock                              0x08002037   Thumb Code     8  system_stm32f10x.o(i.SetSysClock)
    i.SetSysClockTo72                        0x08002040   Section        0  system_stm32f10x.o(i.SetSysClockTo72)
    SetSysClockTo72                          0x08002041   Thumb Code   214  system_stm32f10x.o(i.SetSysClockTo72)
    i.Single_ReadI2C                         0x08002120   Section        0  bsp_mpu.o(i.Single_ReadI2C)
    Single_ReadI2C                           0x08002121   Thumb Code   112  bsp_mpu.o(i.Single_ReadI2C)
    i.Single_WriteI2C                        0x080021e4   Section        0  bsp_mpu.o(i.Single_WriteI2C)
    Single_WriteI2C                          0x080021e5   Thumb Code   116  bsp_mpu.o(i.Single_WriteI2C)
    i.SysTick_Handler                        0x080022ac   Section        0  stm32f10x_it.o(i.SysTick_Handler)
    i.SystemInit                             0x080022b0   Section        0  system_stm32f10x.o(i.SystemInit)
    i.TIM2_GPIO_Config                       0x08002310   Section        0  bsp_pwm.o(i.TIM2_GPIO_Config)
    TIM2_GPIO_Config                         0x08002311   Thumb Code    38  bsp_pwm.o(i.TIM2_GPIO_Config)
    i.TIM2_Init_Config                       0x0800233c   Section        0  bsp_pwm.o(i.TIM2_Init_Config)
    TIM2_Init_Config                         0x0800233d   Thumb Code   162  bsp_pwm.o(i.TIM2_Init_Config)
    i.TIM3_IRQHandler                        0x080023e0   Section        0  stm32f10x_it.o(i.TIM3_IRQHandler)
    i.TIM3_Init                              0x08002458   Section        0  bsp_tim.o(i.TIM3_Init)
    i.TIM_ClearFlag                          0x08002468   Section        0  stm32f10x_tim.o(i.TIM_ClearFlag)
    i.TIM_Cmd                                0x0800246e   Section        0  stm32f10x_tim.o(i.TIM_Cmd)
    i.TIM_ITConfig                           0x08002486   Section        0  stm32f10x_tim.o(i.TIM_ITConfig)
    i.TIM_OC1Init                            0x08002498   Section        0  stm32f10x_tim.o(i.TIM_OC1Init)
    i.TIM_OC1PreloadConfig                   0x08002530   Section        0  stm32f10x_tim.o(i.TIM_OC1PreloadConfig)
    i.TIM_OC2Init                            0x08002544   Section        0  stm32f10x_tim.o(i.TIM_OC2Init)
    i.TIM_OC2PreloadConfig                   0x080025e8   Section        0  stm32f10x_tim.o(i.TIM_OC2PreloadConfig)
    i.TIM_OC3Init                            0x08002604   Section        0  stm32f10x_tim.o(i.TIM_OC3Init)
    i.TIM_OC3PreloadConfig                   0x080026a4   Section        0  stm32f10x_tim.o(i.TIM_OC3PreloadConfig)
    i.TIM_OC4Init                            0x080026b8   Section        0  stm32f10x_tim.o(i.TIM_OC4Init)
    i.TIM_OC4PreloadConfig                   0x08002734   Section        0  stm32f10x_tim.o(i.TIM_OC4PreloadConfig)
    i.TIM_TimeBaseInit                       0x08002750   Section        0  stm32f10x_tim.o(i.TIM_TimeBaseInit)
    i.USART1_IRQHandler                      0x080027f4   Section        0  stm32f10x_it.o(i.USART1_IRQHandler)
    i.USART_Cmd                              0x08002818   Section        0  stm32f10x_usart.o(i.USART_Cmd)
    i.USART_Config                           0x08002830   Section        0  bsp_usart.o(i.USART_Config)
    i.USART_GetFlagStatus                    0x080028c0   Section        0  stm32f10x_usart.o(i.USART_GetFlagStatus)
    i.USART_GetITStatus                      0x080028da   Section        0  stm32f10x_usart.o(i.USART_GetITStatus)
    i.USART_ITConfig                         0x0800292e   Section        0  stm32f10x_usart.o(i.USART_ITConfig)
    i.USART_Init                             0x08002978   Section        0  stm32f10x_usart.o(i.USART_Init)
    i.USART_ReceiveData                      0x08002a50   Section        0  stm32f10x_usart.o(i.USART_ReceiveData)
    i.USART_SendData                         0x08002a5a   Section        0  stm32f10x_usart.o(i.USART_SendData)
    i.UsageFault_Handler                     0x08002a62   Section        0  stm32f10x_it.o(i.UsageFault_Handler)
    i.Usart_SendByte                         0x08002a66   Section        0  bsp_usart.o(i.Usart_SendByte)
    i.__0printf                              0x08002a84   Section        0  printfa.o(i.__0printf)
    i.__0vprintf                             0x08002aa4   Section        0  printfa.o(i.__0vprintf)
    i.__EE_Init                              0x08002ab4   Section        0  eeprom.o(i.__EE_Init)
    i.__scatterload_copy                     0x08002cac   Section       14  handlers.o(i.__scatterload_copy)
    i.__scatterload_null                     0x08002cba   Section        2  handlers.o(i.__scatterload_null)
    i.__scatterload_zeroinit                 0x08002cbc   Section       14  handlers.o(i.__scatterload_zeroinit)
    i._fp_digits                             0x08002ccc   Section        0  printfa.o(i._fp_digits)
    _fp_digits                               0x08002ccd   Thumb Code   334  printfa.o(i._fp_digits)
    i._printf_core                           0x08002e30   Section        0  printfa.o(i._printf_core)
    _printf_core                             0x08002e31   Thumb Code  1744  printfa.o(i._printf_core)
    i._printf_post_padding                   0x0800350c   Section        0  printfa.o(i._printf_post_padding)
    _printf_post_padding                     0x0800350d   Thumb Code    36  printfa.o(i._printf_post_padding)
    i._printf_pre_padding                    0x08003530   Section        0  printfa.o(i._printf_pre_padding)
    _printf_pre_padding                      0x08003531   Thumb Code    46  printfa.o(i._printf_pre_padding)
    i.delay                                  0x0800355e   Section        0  bsp_mpu.o(i.delay)
    delay                                    0x0800355f   Thumb Code    12  bsp_mpu.o(i.delay)
    i.fputc                                  0x0800356c   Section        0  bsp_usart.o(i.fputc)
    i.main                                   0x08003590   Section        0  main.o(i.main)
    i.stm_log_timestamp                      0x08003600   Section        0  bsp_log.o(i.stm_log_timestamp)
    i.stm_log_write                          0x0800360c   Section        0  bsp_log.o(i.stm_log_write)
    .conststring                             0x0800362c   Section        5  main.o(.conststring)
    .conststring                             0x08003634   Section        4  bsp_pwm.o(.conststring)
    .conststring                             0x08003638   Section        8  bsp_mpu.o(.conststring)
    .conststring                             0x08003640   Section        9  bsp_nrf24.o(.conststring)
    .data                                    0x20000000   Section       20  stm32f10x_rcc.o(.data)
    APBAHBPrescTable                         0x20000000   Data          16  stm32f10x_rcc.o(.data)
    ADCPrescTable                            0x20000010   Data           4  stm32f10x_rcc.o(.data)
    .data                                    0x20000014   Section       16  main.o(.data)
    TX_ADDRESS                               0x20000014   Data           5  main.o(.data)
    RX_ADDRESS                               0x20000019   Data           5  main.o(.data)
    TAG                                      0x20000020   Data           4  main.o(.data)
    .data                                    0x20000024   Section        8  eeprom.o(.data)
    .data                                    0x2000002c   Section       84  struct.o(.data)
    TX_ADDRESS                               0x2000002c   Data           5  struct.o(.data)
    RX_ADDRESS                               0x20000031   Data           5  struct.o(.data)
    .data                                    0x20000080   Section       29  filter.o(.data)
    TX_ADDRESS                               0x20000080   Data           5  filter.o(.data)
    RX_ADDRESS                               0x20000085   Data           5  filter.o(.data)
    ACC_IIR_FACTOR                           0x2000008c   Data           4  filter.o(.data)
    Filter_x                                 0x20000090   Data           4  filter.o(.data)
    Filter_y                                 0x20000094   Data           4  filter.o(.data)
    Filter_z                                 0x20000098   Data           4  filter.o(.data)
    Filter_count                             0x2000009c   Data           1  filter.o(.data)
    .data                                    0x200000a0   Section       24  utility.o(.data)
    .data                                    0x200000b8   Section        4  bsp_pwm.o(.data)
    TAG                                      0x200000b8   Data           4  bsp_pwm.o(.data)
    .data                                    0x200000bc   Section        4  bsp_mpu.o(.data)
    TAG                                      0x200000bc   Data           4  bsp_mpu.o(.data)
    .data                                    0x200000c0   Section       16  bsp_nrf24.o(.data)
    TX_ADDRESS                               0x200000c0   Data           5  bsp_nrf24.o(.data)
    RX_ADDRESS                               0x200000c5   Data           5  bsp_nrf24.o(.data)
    TAG                                      0x200000cc   Data           4  bsp_nrf24.o(.data)
    .data                                    0x200000d0   Section        4  stdout.o(.data)
    .bss                                     0x200000d4   Section       32  main.o(.bss)
    data                                     0x200000d4   Data          32  main.o(.bss)
    .bss                                     0x200000f4   Section       64  bsp_adc.o(.bss)
    .bss                                     0x20000134   Section       84  bsp_mpu.o(.bss)
    STACK                                    0x20000188   Section     1024  startup_stm32f10x_md.o(STACK)

    Global Symbols

    Symbol Name                              Value     Ov Type        Size  Object(Section)

    BuildAttributes$$THM_ISAv4$P$D$K$B$S$PE$A:L22UL41UL21$X:L11$S22US41US21$IEEE1$IW$USESV6$~STKCKD$USESV7$~SHL$OTIME$ROPI$IEEEX$EBA8$MICROLIB$REQ8$PRES8$EABIv2 0x00000000   Number         0  anon$$obj.o ABSOLUTE
    __ARM_use_no_argv                        0x00000000   Number         0  main.o ABSOLUTE
    _printf_a                                0x00000000   Number         0  stubs.o ABSOLUTE
    _printf_c                                0x00000000   Number         0  stubs.o ABSOLUTE
    _printf_charcount                        0x00000000   Number         0  stubs.o ABSOLUTE
    _printf_d                                0x00000000   Number         0  stubs.o ABSOLUTE
    _printf_e                                0x00000000   Number         0  stubs.o ABSOLUTE
    _printf_f                                0x00000000   Number         0  stubs.o ABSOLUTE
    _printf_flags                            0x00000000   Number         0  stubs.o ABSOLUTE
    _printf_fp_dec                           0x00000000   Number         0  stubs.o ABSOLUTE
    _printf_fp_hex                           0x00000000   Number         0  stubs.o ABSOLUTE
    _printf_g                                0x00000000   Number         0  stubs.o ABSOLUTE
    _printf_i                                0x00000000   Number         0  stubs.o ABSOLUTE
    _printf_int_dec                          0x00000000   Number         0  stubs.o ABSOLUTE
    _printf_l                                0x00000000   Number         0  stubs.o ABSOLUTE
    _printf_lc                               0x00000000   Number         0  stubs.o ABSOLUTE
    _printf_ll                               0x00000000   Number         0  stubs.o ABSOLUTE
    _printf_lld                              0x00000000   Number         0  stubs.o ABSOLUTE
    _printf_lli                              0x00000000   Number         0  stubs.o ABSOLUTE
    _printf_llo                              0x00000000   Number         0  stubs.o ABSOLUTE
    _printf_llu                              0x00000000   Number         0  stubs.o ABSOLUTE
    _printf_llx                              0x00000000   Number         0  stubs.o ABSOLUTE
    _printf_longlong_dec                     0x00000000   Number         0  stubs.o ABSOLUTE
    _printf_longlong_hex                     0x00000000   Number         0  stubs.o ABSOLUTE
    _printf_longlong_oct                     0x00000000   Number         0  stubs.o ABSOLUTE
    _printf_ls                               0x00000000   Number         0  stubs.o ABSOLUTE
    _printf_mbtowc                           0x00000000   Number         0  stubs.o ABSOLUTE
    _printf_n                                0x00000000   Number         0  stubs.o ABSOLUTE
    _printf_o                                0x00000000   Number         0  stubs.o ABSOLUTE
    _printf_p                                0x00000000   Number         0  stubs.o ABSOLUTE
    _printf_percent                          0x00000000   Number         0  stubs.o ABSOLUTE
    _printf_pre_padding                      0x00000000   Number         0  stubs.o ABSOLUTE
    _printf_return_value                     0x00000000   Number         0  stubs.o ABSOLUTE
    _printf_s                                0x00000000   Number         0  stubs.o ABSOLUTE
    _printf_sizespec                         0x00000000   Number         0  stubs.o ABSOLUTE
    _printf_str                              0x00000000   Number         0  stubs.o ABSOLUTE
    _printf_truncate_signed                  0x00000000   Number         0  stubs.o ABSOLUTE
    _printf_truncate_unsigned                0x00000000   Number         0  stubs.o ABSOLUTE
    _printf_u                                0x00000000   Number         0  stubs.o ABSOLUTE
    _printf_wc                               0x00000000   Number         0  stubs.o ABSOLUTE
    _printf_wctomb                           0x00000000   Number         0  stubs.o ABSOLUTE
    _printf_widthprec                        0x00000000   Number         0  stubs.o ABSOLUTE
    _printf_x                                0x00000000   Number         0  stubs.o ABSOLUTE
    __cpp_initialize__aeabi_                  - Undefined Weak Reference
    __cxa_finalize                            - Undefined Weak Reference
    __decompress                              - Undefined Weak Reference
    _clock_init                               - Undefined Weak Reference
    _microlib_exit                            - Undefined Weak Reference
    __Vectors_Size                           0x000000ec   Number         0  startup_stm32f10x_md.o ABSOLUTE
    __Vectors                                0x08000000   Data           4  startup_stm32f10x_md.o(RESET)
    __Vectors_End                            0x080000ec   Data           0  startup_stm32f10x_md.o(RESET)
    __main                                   0x080000ed   Thumb Code     0  entry.o(.ARM.Collect$$$$00000000)
    _main_stk                                0x080000ed   Thumb Code     0  entry2.o(.ARM.Collect$$$$00000001)
    _main_scatterload                        0x080000f1   Thumb Code     0  entry5.o(.ARM.Collect$$$$00000004)
    __main_after_scatterload                 0x080000f5   Thumb Code     0  entry5.o(.ARM.Collect$$$$00000004)
    _main_clock                              0x080000f5   Thumb Code     0  entry7b.o(.ARM.Collect$$$$00000008)
    _main_cpp_init                           0x080000f5   Thumb Code     0  entry8b.o(.ARM.Collect$$$$0000000A)
    _main_init                               0x080000f5   Thumb Code     0  entry9a.o(.ARM.Collect$$$$0000000B)
    __rt_final_cpp                           0x080000fd   Thumb Code     0  entry10a.o(.ARM.Collect$$$$0000000D)
    __rt_final_exit                          0x080000fd   Thumb Code     0  entry11a.o(.ARM.Collect$$$$0000000F)
    Reset_Handler                            0x08000101   Thumb Code     8  startup_stm32f10x_md.o(.text)
    ADC1_2_IRQHandler                        0x0800011b   Thumb Code     0  startup_stm32f10x_md.o(.text)
    CAN1_RX1_IRQHandler                      0x0800011b   Thumb Code     0  startup_stm32f10x_md.o(.text)
    CAN1_SCE_IRQHandler                      0x0800011b   Thumb Code     0  startup_stm32f10x_md.o(.text)
    DMA1_Channel1_IRQHandler                 0x0800011b   Thumb Code     0  startup_stm32f10x_md.o(.text)
    DMA1_Channel2_IRQHandler                 0x0800011b   Thumb Code     0  startup_stm32f10x_md.o(.text)
    DMA1_Channel3_IRQHandler                 0x0800011b   Thumb Code     0  startup_stm32f10x_md.o(.text)
    DMA1_Channel4_IRQHandler                 0x0800011b   Thumb Code     0  startup_stm32f10x_md.o(.text)
    DMA1_Channel5_IRQHandler                 0x0800011b   Thumb Code     0  startup_stm32f10x_md.o(.text)
    DMA1_Channel6_IRQHandler                 0x0800011b   Thumb Code     0  startup_stm32f10x_md.o(.text)
    DMA1_Channel7_IRQHandler                 0x0800011b   Thumb Code     0  startup_stm32f10x_md.o(.text)
    EXTI0_IRQHandler                         0x0800011b   Thumb Code     0  startup_stm32f10x_md.o(.text)
    EXTI15_10_IRQHandler                     0x0800011b   Thumb Code     0  startup_stm32f10x_md.o(.text)
    EXTI1_IRQHandler                         0x0800011b   Thumb Code     0  startup_stm32f10x_md.o(.text)
    EXTI2_IRQHandler                         0x0800011b   Thumb Code     0  startup_stm32f10x_md.o(.text)
    EXTI3_IRQHandler                         0x0800011b   Thumb Code     0  startup_stm32f10x_md.o(.text)
    EXTI4_IRQHandler                         0x0800011b   Thumb Code     0  startup_stm32f10x_md.o(.text)
    EXTI9_5_IRQHandler                       0x0800011b   Thumb Code     0  startup_stm32f10x_md.o(.text)
    FLASH_IRQHandler                         0x0800011b   Thumb Code     0  startup_stm32f10x_md.o(.text)
    I2C1_ER_IRQHandler                       0x0800011b   Thumb Code     0  startup_stm32f10x_md.o(.text)
    I2C1_EV_IRQHandler                       0x0800011b   Thumb Code     0  startup_stm32f10x_md.o(.text)
    I2C2_ER_IRQHandler                       0x0800011b   Thumb Code     0  startup_stm32f10x_md.o(.text)
    I2C2_EV_IRQHandler                       0x0800011b   Thumb Code     0  startup_stm32f10x_md.o(.text)
    PVD_IRQHandler                           0x0800011b   Thumb Code     0  startup_stm32f10x_md.o(.text)
    RCC_IRQHandler                           0x0800011b   Thumb Code     0  startup_stm32f10x_md.o(.text)
    RTCAlarm_IRQHandler                      0x0800011b   Thumb Code     0  startup_stm32f10x_md.o(.text)
    RTC_IRQHandler                           0x0800011b   Thumb Code     0  startup_stm32f10x_md.o(.text)
    SPI1_IRQHandler                          0x0800011b   Thumb Code     0  startup_stm32f10x_md.o(.text)
    SPI2_IRQHandler                          0x0800011b   Thumb Code     0  startup_stm32f10x_md.o(.text)
    TAMPER_IRQHandler                        0x0800011b   Thumb Code     0  startup_stm32f10x_md.o(.text)
    TIM1_BRK_IRQHandler                      0x0800011b   Thumb Code     0  startup_stm32f10x_md.o(.text)
    TIM1_CC_IRQHandler                       0x0800011b   Thumb Code     0  startup_stm32f10x_md.o(.text)
    TIM1_TRG_COM_IRQHandler                  0x0800011b   Thumb Code     0  startup_stm32f10x_md.o(.text)
    TIM1_UP_IRQHandler                       0x0800011b   Thumb Code     0  startup_stm32f10x_md.o(.text)
    TIM2_IRQHandler                          0x0800011b   Thumb Code     0  startup_stm32f10x_md.o(.text)
    TIM4_IRQHandler                          0x0800011b   Thumb Code     0  startup_stm32f10x_md.o(.text)
    USART2_IRQHandler                        0x0800011b   Thumb Code     0  startup_stm32f10x_md.o(.text)
    USART3_IRQHandler                        0x0800011b   Thumb Code     0  startup_stm32f10x_md.o(.text)
    USBWakeUp_IRQHandler                     0x0800011b   Thumb Code     0  startup_stm32f10x_md.o(.text)
    USB_HP_CAN1_TX_IRQHandler                0x0800011b   Thumb Code     0  startup_stm32f10x_md.o(.text)
    USB_LP_CAN1_RX0_IRQHandler               0x0800011b   Thumb Code     0  startup_stm32f10x_md.o(.text)
    WWDG_IRQHandler                          0x0800011b   Thumb Code     0  startup_stm32f10x_md.o(.text)
    __aeabi_fadd                             0x08000125   Thumb Code   164  fadd.o(.text)
    __aeabi_fsub                             0x080001c9   Thumb Code     6  fadd.o(.text)
    __aeabi_frsub                            0x080001cf   Thumb Code     6  fadd.o(.text)
    __aeabi_fmul                             0x080001d5   Thumb Code   100  fmul.o(.text)
    __aeabi_fdiv                             0x08000239   Thumb Code   124  fdiv.o(.text)
    __aeabi_dmul                             0x080002b5   Thumb Code   228  dmul.o(.text)
    __aeabi_uidiv                            0x08000399   Thumb Code     0  uidiv.o(.text)
    __aeabi_uidivmod                         0x08000399   Thumb Code    44  uidiv.o(.text)
    __aeabi_uldivmod                         0x080003c5   Thumb Code    98  uldiv.o(.text)
    __I$use$fp                               0x08000427   Thumb Code     0  iusefp.o(.text)
    _float_round                             0x08000427   Thumb Code    18  fepilogue.o(.text)
    _float_epilogue                          0x08000439   Thumb Code    92  fepilogue.o(.text)
    _double_round                            0x08000495   Thumb Code    30  depilogue.o(.text)
    _double_epilogue                         0x080004b3   Thumb Code   156  depilogue.o(.text)
    __aeabi_dadd                             0x0800054f   Thumb Code   322  dadd.o(.text)
    __aeabi_dsub                             0x08000691   Thumb Code     6  dadd.o(.text)
    __aeabi_drsub                            0x08000697   Thumb Code     6  dadd.o(.text)
    __aeabi_ddiv                             0x0800069d   Thumb Code   222  ddiv.o(.text)
    __aeabi_d2ulz                            0x0800077b   Thumb Code    48  dfixul.o(.text)
    __aeabi_cdrcmple                         0x080007ad   Thumb Code    48  cdrcmple.o(.text)
    __scatterload                            0x080007dd   Thumb Code    28  init.o(.text)
    __scatterload_rt2                        0x080007dd   Thumb Code     0  init.o(.text)
    __aeabi_llsl                             0x08000801   Thumb Code    30  llshl.o(.text)
    _ll_shift_l                              0x08000801   Thumb Code     0  llshl.o(.text)
    __aeabi_llsr                             0x0800081f   Thumb Code    32  llushr.o(.text)
    _ll_ushift_r                             0x0800081f   Thumb Code     0  llushr.o(.text)
    __aeabi_lasr                             0x0800083f   Thumb Code    36  llsshr.o(.text)
    _ll_sshift_r                             0x0800083f   Thumb Code     0  llsshr.o(.text)
    ADC_Cmd                                  0x0800098d   Thumb Code    22  stm32f10x_adc.o(i.ADC_Cmd)
    ADC_DMACmd                               0x080009a3   Thumb Code    22  stm32f10x_adc.o(i.ADC_DMACmd)
    ADC_DeInit                               0x080009b9   Thumb Code    78  stm32f10x_adc.o(i.ADC_DeInit)
    ADC_GetCalibrationStatus                 0x08000a15   Thumb Code    20  stm32f10x_adc.o(i.ADC_GetCalibrationStatus)
    ADC_GetResetCalibrationStatus            0x08000a29   Thumb Code    20  stm32f10x_adc.o(i.ADC_GetResetCalibrationStatus)
    ADC_Init                                 0x08000a3d   Thumb Code    70  stm32f10x_adc.o(i.ADC_Init)
    ADC_RegularChannelConfig                 0x08000a8d   Thumb Code   184  stm32f10x_adc.o(i.ADC_RegularChannelConfig)
    ADC_ResetCalibration                     0x08000b45   Thumb Code    10  stm32f10x_adc.o(i.ADC_ResetCalibration)
    ADC_SoftwareStartConvCmd                 0x08000b4f   Thumb Code    22  stm32f10x_adc.o(i.ADC_SoftwareStartConvCmd)
    ADC_StartCalibration                     0x08000b65   Thumb Code    10  stm32f10x_adc.o(i.ADC_StartCalibration)
    ADC_TempSensorVrefintCmd                 0x08000b71   Thumb Code    30  stm32f10x_adc.o(i.ADC_TempSensorVrefintCmd)
    ADCx_Init                                0x08000b95   Thumb Code    12  bsp_adc.o(i.ADCx_Init)
    BSP_Init                                 0x08000c21   Thumb Code    98  main.o(i.BSP_Init)
    BusFault_Handler                         0x08000cb9   Thumb Code     4  stm32f10x_it.o(i.BusFault_Handler)
    Calculate_FilteringCoefficient           0x08000cbd   Thumb Code    54  filter.o(i.Calculate_FilteringCoefficient)
    DMA_Cmd                                  0x08000cfd   Thumb Code    24  stm32f10x_dma.o(i.DMA_Cmd)
    DMA_DeInit                               0x08000d15   Thumb Code   324  stm32f10x_dma.o(i.DMA_DeInit)
    DMA_Init                                 0x08000e61   Thumb Code    60  stm32f10x_dma.o(i.DMA_Init)
    DebugMon_Handler                         0x08000e9d   Thumb Code     2  stm32f10x_it.o(i.DebugMon_Handler)
    Delay                                    0x08000e9f   Thumb Code    26  utility.o(i.Delay)
    EE_Init                                  0x08000f4d   Thumb Code    16  eeprom.o(i.EE_Init)
    EE_ReadVariable                          0x08000f5d   Thumb Code    88  eeprom.o(i.EE_ReadVariable)
    FLASH_ErasePage                          0x08001045   Thumb Code    72  stm32f10x_flash.o(i.FLASH_ErasePage)
    FLASH_GetBank1Status                     0x08001091   Thumb Code    48  stm32f10x_flash.o(i.FLASH_GetBank1Status)
    FLASH_ProgramHalfWord                    0x080010c5   Thumb Code    60  stm32f10x_flash.o(i.FLASH_ProgramHalfWord)
    FLASH_Unlock                             0x08001105   Thumb Code    12  stm32f10x_flash.o(i.FLASH_Unlock)
    FLASH_WaitForLastOperation               0x0800111d   Thumb Code    38  stm32f10x_flash.o(i.FLASH_WaitForLastOperation)
    GPIO_Init                                0x08001143   Thumb Code   278  stm32f10x_gpio.o(i.GPIO_Init)
    GPIO_PinRemapConfig                      0x08001259   Thumb Code   138  stm32f10x_gpio.o(i.GPIO_PinRemapConfig)
    GPIO_ResetBits                           0x080012e9   Thumb Code     4  stm32f10x_gpio.o(i.GPIO_ResetBits)
    GPIO_SetBits                             0x080012ed   Thumb Code     4  stm32f10x_gpio.o(i.GPIO_SetBits)
    HardFault_Handler                        0x080012f1   Thumb Code     4  stm32f10x_it.o(i.HardFault_Handler)
    I2C2_GPIO_Config                         0x080012f5   Thumb Code   110  bsp_mpu.o(i.I2C2_GPIO_Config)
    InitCurrWrAddress                        0x08001599   Thumb Code    92  eeprom.o(i.InitCurrWrAddress)
    InitMPU6050                              0x080015fd   Thumb Code   160  bsp_mpu.o(i.InitMPU6050)
    LED_Init                                 0x08001701   Thumb Code   106  bsp_led.o(i.LED_Init)
    MOTOR_Init                               0x0800177d   Thumb Code    38  bsp_pwm.o(i.MOTOR_Init)
    MPU6050_Compose                          0x080017d1   Thumb Code    64  bsp_mpu.o(i.MPU6050_Compose)
    MPU6050_SequenceRead                     0x08001819   Thumb Code   132  bsp_mpu.o(i.MPU6050_SequenceRead)
    MemManage_Handler                        0x080018cd   Thumb Code     4  stm32f10x_it.o(i.MemManage_Handler)
    NMI_Handler                              0x080018d1   Thumb Code     2  stm32f10x_it.o(i.NMI_Handler)
    NRF24L01_Check                           0x080018d5   Thumb Code   110  bsp_nrf24.o(i.NRF24L01_Check)
    NRF24L01_Init                            0x080019a1   Thumb Code   134  bsp_nrf24.o(i.NRF24L01_Init)
    NRF_Read_Buf                             0x08001a75   Thumb Code    60  bsp_nrf24.o(i.NRF_Read_Buf)
    NRF_Read_Reg                             0x08001ab5   Thumb Code    38  bsp_nrf24.o(i.NRF_Read_Reg)
    NRF_Send_TX                              0x08001ae1   Thumb Code    92  bsp_nrf24.o(i.NRF_Send_TX)
    NRF_Write_Buf                            0x08001b41   Thumb Code    58  bsp_nrf24.o(i.NRF_Write_Buf)
    NRF_Write_Reg                            0x08001b81   Thumb Code    40  bsp_nrf24.o(i.NRF_Write_Reg)
    NVIC_Init                                0x08001bd9   Thumb Code   100  misc.o(i.NVIC_Init)
    NVIC_PriorityGroupConfig                 0x08001c49   Thumb Code    10  misc.o(i.NVIC_PriorityGroupConfig)
    PendSV_Handler                           0x08001c5d   Thumb Code     2  stm32f10x_it.o(i.PendSV_Handler)
    RCC_ADCCLKConfig                         0x08001c61   Thumb Code    18  stm32f10x_rcc.o(i.RCC_ADCCLKConfig)
    RCC_AHBPeriphClockCmd                    0x08001c79   Thumb Code    26  stm32f10x_rcc.o(i.RCC_AHBPeriphClockCmd)
    RCC_APB1PeriphClockCmd                   0x08001c99   Thumb Code    26  stm32f10x_rcc.o(i.RCC_APB1PeriphClockCmd)
    RCC_APB2PeriphClockCmd                   0x08001cb9   Thumb Code    26  stm32f10x_rcc.o(i.RCC_APB2PeriphClockCmd)
    RCC_APB2PeriphResetCmd                   0x08001cd9   Thumb Code    26  stm32f10x_rcc.o(i.RCC_APB2PeriphResetCmd)
    RCC_GetClocksFreq                        0x08001cf9   Thumb Code   192  stm32f10x_rcc.o(i.RCC_GetClocksFreq)
    SPI_Cmd                                  0x08001dd1   Thumb Code    24  stm32f10x_spi.o(i.SPI_Cmd)
    SPI_I2S_GetFlagStatus                    0x08001de9   Thumb Code    18  stm32f10x_spi.o(i.SPI_I2S_GetFlagStatus)
    SPI_I2S_ReceiveData                      0x08001dfb   Thumb Code     6  stm32f10x_spi.o(i.SPI_I2S_ReceiveData)
    SPI_I2S_SendData                         0x08001e01   Thumb Code     4  stm32f10x_spi.o(i.SPI_I2S_SendData)
    SPI_Init                                 0x08001e05   Thumb Code    60  stm32f10x_spi.o(i.SPI_Init)
    SPI_NRF24L01_Init                        0x08001e41   Thumb Code    24  bsp_nrf24.o(i.SPI_NRF24L01_Init)
    SPI_NRF_Init                             0x08001e59   Thumb Code   240  bsp_nrf24.o(i.SPI_NRF_Init)
    SPI_RW                                   0x08001f81   Thumb Code    88  bsp_nrf24.o(i.SPI_RW)
    SVC_Handler                              0x08002035   Thumb Code     2  stm32f10x_it.o(i.SVC_Handler)
    SysTick_Handler                          0x080022ad   Thumb Code     2  stm32f10x_it.o(i.SysTick_Handler)
    SystemInit                               0x080022b1   Thumb Code    78  system_stm32f10x.o(i.SystemInit)
    TIM3_IRQHandler                          0x080023e1   Thumb Code    90  stm32f10x_it.o(i.TIM3_IRQHandler)
    TIM3_Init                                0x08002459   Thumb Code    16  bsp_tim.o(i.TIM3_Init)
    TIM_ClearFlag                            0x08002469   Thumb Code     6  stm32f10x_tim.o(i.TIM_ClearFlag)
    TIM_Cmd                                  0x0800246f   Thumb Code    24  stm32f10x_tim.o(i.TIM_Cmd)
    TIM_ITConfig                             0x08002487   Thumb Code    18  stm32f10x_tim.o(i.TIM_ITConfig)
    TIM_OC1Init                              0x08002499   Thumb Code   132  stm32f10x_tim.o(i.TIM_OC1Init)
    TIM_OC1PreloadConfig                     0x08002531   Thumb Code    18  stm32f10x_tim.o(i.TIM_OC1PreloadConfig)
    TIM_OC2Init                              0x08002545   Thumb Code   154  stm32f10x_tim.o(i.TIM_OC2Init)
    TIM_OC2PreloadConfig                     0x080025e9   Thumb Code    26  stm32f10x_tim.o(i.TIM_OC2PreloadConfig)
    TIM_OC3Init                              0x08002605   Thumb Code   150  stm32f10x_tim.o(i.TIM_OC3Init)
    TIM_OC3PreloadConfig                     0x080026a5   Thumb Code    18  stm32f10x_tim.o(i.TIM_OC3PreloadConfig)
    TIM_OC4Init                              0x080026b9   Thumb Code   114  stm32f10x_tim.o(i.TIM_OC4Init)
    TIM_OC4PreloadConfig                     0x08002735   Thumb Code    26  stm32f10x_tim.o(i.TIM_OC4PreloadConfig)
    TIM_TimeBaseInit                         0x08002751   Thumb Code   122  stm32f10x_tim.o(i.TIM_TimeBaseInit)
    USART1_IRQHandler                        0x080027f5   Thumb Code    32  stm32f10x_it.o(i.USART1_IRQHandler)
    USART_Cmd                                0x08002819   Thumb Code    24  stm32f10x_usart.o(i.USART_Cmd)
    USART_Config                             0x08002831   Thumb Code   134  bsp_usart.o(i.USART_Config)
    USART_GetFlagStatus                      0x080028c1   Thumb Code    26  stm32f10x_usart.o(i.USART_GetFlagStatus)
    USART_GetITStatus                        0x080028db   Thumb Code    84  stm32f10x_usart.o(i.USART_GetITStatus)
    USART_ITConfig                           0x0800292f   Thumb Code    74  stm32f10x_usart.o(i.USART_ITConfig)
    USART_Init                               0x08002979   Thumb Code   210  stm32f10x_usart.o(i.USART_Init)
    USART_ReceiveData                        0x08002a51   Thumb Code    10  stm32f10x_usart.o(i.USART_ReceiveData)
    USART_SendData                           0x08002a5b   Thumb Code     8  stm32f10x_usart.o(i.USART_SendData)
    UsageFault_Handler                       0x08002a63   Thumb Code     4  stm32f10x_it.o(i.UsageFault_Handler)
    Usart_SendByte                           0x08002a67   Thumb Code    30  bsp_usart.o(i.Usart_SendByte)
    __0printf                                0x08002a85   Thumb Code    22  printfa.o(i.__0printf)
    __1printf                                0x08002a85   Thumb Code     0  printfa.o(i.__0printf)
    __2printf                                0x08002a85   Thumb Code     0  printfa.o(i.__0printf)
    __c89printf                              0x08002a85   Thumb Code     0  printfa.o(i.__0printf)
    printf                                   0x08002a85   Thumb Code     0  printfa.o(i.__0printf)
    __0vprintf                               0x08002aa5   Thumb Code     8  printfa.o(i.__0vprintf)
    __1vprintf                               0x08002aa5   Thumb Code     0  printfa.o(i.__0vprintf)
    __2vprintf                               0x08002aa5   Thumb Code     0  printfa.o(i.__0vprintf)
    __c89vprintf                             0x08002aa5   Thumb Code     0  printfa.o(i.__0vprintf)
    vprintf                                  0x08002aa5   Thumb Code     0  printfa.o(i.__0vprintf)
    __EE_Init                                0x08002ab5   Thumb Code   488  eeprom.o(i.__EE_Init)
    __scatterload_copy                       0x08002cad   Thumb Code    14  handlers.o(i.__scatterload_copy)
    __scatterload_null                       0x08002cbb   Thumb Code     2  handlers.o(i.__scatterload_null)
    __scatterload_zeroinit                   0x08002cbd   Thumb Code    14  handlers.o(i.__scatterload_zeroinit)
    fputc                                    0x0800356d   Thumb Code    32  bsp_usart.o(i.fputc)
    main                                     0x08003591   Thumb Code    80  main.o(i.main)
    stm_log_timestamp                        0x08003601   Thumb Code     6  bsp_log.o(i.stm_log_timestamp)
    stm_log_write                            0x0800360d   Thumb Code    30  bsp_log.o(i.stm_log_write)
    Region$$Table$$Base                      0x0800364c   Number         0  anon$$obj.o(Region$$Table)
    Region$$Table$$Limit                     0x0800366c   Number         0  anon$$obj.o(Region$$Table)
    I2C_Erro                                 0x2000001e   Data           2  main.o(.data)
    DataVar                                  0x20000024   Data           2  eeprom.o(.data)
    CurWrAddress                             0x20000028   Data           4  eeprom.o(.data)
    acc                                      0x20000036   Data           6  struct.o(.data)
    gyro                                     0x2000003c   Data           6  struct.o(.data)
    filter_acc                               0x20000042   Data           6  struct.o(.data)
    filter_gyro                              0x20000048   Data           6  struct.o(.data)
    offset_acc                               0x2000004e   Data           6  struct.o(.data)
    offset_gyro                              0x20000054   Data           6  struct.o(.data)
    data_x                                   0x2000005a   Data           2  struct.o(.data)
    data_y                                   0x2000005c   Data           2  struct.o(.data)
    data_z                                   0x2000005e   Data           2  struct.o(.data)
    VirtAddVarTab                            0x20000060   Data          32  struct.o(.data)
    Bsp_Init_OK                              0x200000a0   Data           1  utility.o(.data)
    Sys_Clock                                0x200000a4   Data           4  utility.o(.data)
    Timer3_Count                             0x200000a8   Data           4  utility.o(.data)
    Count_1ms                                0x200000ac   Data           4  utility.o(.data)
    Count_2ms                                0x200000b0   Data           4  utility.o(.data)
    Count_4ms                                0x200000b4   Data           4  utility.o(.data)
    __stdout                                 0x200000d0   Data           4  stdout.o(.data)
    ADC_Value                                0x200000f4   Data          64  bsp_adc.o(.bss)
    MPU6050_Buffer                           0x20000134   Data          56  bsp_mpu.o(.bss)
    MPU6050_Data                             0x2000016c   Data          28  bsp_mpu.o(.bss)
    __initial_sp                             0x20000588   Data           0  startup_stm32f10x_md.o(STACK)



==============================================================================

Memory Map of the image

  Image Entry point : 0x080000ed

  Load Region LR_IROM1 (Base: 0x08000000, Size: 0x00003740, Max: 0x00010000, ABSOLUTE)

    Execution Region ER_IROM1 (Base: 0x08000000, Size: 0x0000366c, Max: 0x00010000, ABSOLUTE)

    Base Addr    Size         Type   Attr      Idx    E Section Name        Object

    0x08000000   0x000000ec   Data   RO            3    RESET               startup_stm32f10x_md.o
    0x080000ec   0x00000000   Code   RO         3890  * .ARM.Collect$$$$00000000  mc_w.l(entry.o)
    0x080000ec   0x00000004   Code   RO         4211    .ARM.Collect$$$$00000001  mc_w.l(entry2.o)
    0x080000f0   0x00000004   Code   RO         4214    .ARM.Collect$$$$00000004  mc_w.l(entry5.o)
    0x080000f4   0x00000000   Code   RO         4216    .ARM.Collect$$$$00000008  mc_w.l(entry7b.o)
    0x080000f4   0x00000000   Code   RO         4218    .ARM.Collect$$$$0000000A  mc_w.l(entry8b.o)
    0x080000f4   0x00000008   Code   RO         4219    .ARM.Collect$$$$0000000B  mc_w.l(entry9a.o)
    0x080000fc   0x00000000   Code   RO         4221    .ARM.Collect$$$$0000000D  mc_w.l(entry10a.o)
    0x080000fc   0x00000000   Code   RO         4223    .ARM.Collect$$$$0000000F  mc_w.l(entry11a.o)
    0x080000fc   0x00000004   Code   RO         4212    .ARM.Collect$$$$00002712  mc_w.l(entry2.o)
    0x08000100   0x00000024   Code   RO            4    .text               startup_stm32f10x_md.o
    0x08000124   0x000000b0   Code   RO         4154    .text               mf_w.l(fadd.o)
    0x080001d4   0x00000064   Code   RO         4156    .text               mf_w.l(fmul.o)
    0x08000238   0x0000007c   Code   RO         4158    .text               mf_w.l(fdiv.o)
    0x080002b4   0x000000e4   Code   RO         4160    .text               mf_w.l(dmul.o)
    0x08000398   0x0000002c   Code   RO         4226    .text               mc_w.l(uidiv.o)
    0x080003c4   0x00000062   Code   RO         4228    .text               mc_w.l(uldiv.o)
    0x08000426   0x00000000   Code   RO         4237    .text               mc_w.l(iusefp.o)
    0x08000426   0x0000006e   Code   RO         4238    .text               mf_w.l(fepilogue.o)
    0x08000494   0x000000ba   Code   RO         4240    .text               mf_w.l(depilogue.o)
    0x0800054e   0x0000014e   Code   RO         4242    .text               mf_w.l(dadd.o)
    0x0800069c   0x000000de   Code   RO         4244    .text               mf_w.l(ddiv.o)
    0x0800077a   0x00000030   Code   RO         4248    .text               mf_w.l(dfixul.o)
    0x080007aa   0x00000002   PAD
    0x080007ac   0x00000030   Code   RO         4250    .text               mf_w.l(cdrcmple.o)
    0x080007dc   0x00000024   Code   RO         4252    .text               mc_w.l(init.o)
    0x08000800   0x0000001e   Code   RO         4254    .text               mc_w.l(llshl.o)
    0x0800081e   0x00000020   Code   RO         4256    .text               mc_w.l(llushr.o)
    0x0800083e   0x00000024   Code   RO         4258    .text               mc_w.l(llsshr.o)
    0x08000862   0x00000002   PAD
    0x08000864   0x00000038   Code   RO         3589    i.ADC1_GPIO_Config  bsp_adc.o
    0x0800089c   0x000000f0   Code   RO         3590    i.ADC1_Mode_Config  bsp_adc.o
    0x0800098c   0x00000016   Code   RO          183    i.ADC_Cmd           stm32f10x_adc.o
    0x080009a2   0x00000016   Code   RO          184    i.ADC_DMACmd        stm32f10x_adc.o
    0x080009b8   0x0000005c   Code   RO          185    i.ADC_DeInit        stm32f10x_adc.o
    0x08000a14   0x00000014   Code   RO          191    i.ADC_GetCalibrationStatus  stm32f10x_adc.o
    0x08000a28   0x00000014   Code   RO          197    i.ADC_GetResetCalibrationStatus  stm32f10x_adc.o
    0x08000a3c   0x00000050   Code   RO          201    i.ADC_Init          stm32f10x_adc.o
    0x08000a8c   0x000000b8   Code   RO          205    i.ADC_RegularChannelConfig  stm32f10x_adc.o
    0x08000b44   0x0000000a   Code   RO          206    i.ADC_ResetCalibration  stm32f10x_adc.o
    0x08000b4e   0x00000016   Code   RO          208    i.ADC_SoftwareStartConvCmd  stm32f10x_adc.o
    0x08000b64   0x0000000a   Code   RO          210    i.ADC_StartCalibration  stm32f10x_adc.o
    0x08000b6e   0x00000002   PAD
    0x08000b70   0x00000024   Code   RO          212    i.ADC_TempSensorVrefintCmd  stm32f10x_adc.o
    0x08000b94   0x0000000c   Code   RO         3591    i.ADCx_Init         bsp_adc.o
    0x08000ba0   0x00000054   Code   RO         3850    i.BASIC_TIM_Mode_Config  bsp_tim.o
    0x08000bf4   0x0000002a   Code   RO         3851    i.BASIC_TIM_NVIC_Config  bsp_tim.o
    0x08000c1e   0x00000002   PAD
    0x08000c20   0x00000098   Code   RO         3108    i.BSP_Init          main.o
    0x08000cb8   0x00000004   Code   RO         3192    i.BusFault_Handler  stm32f10x_it.o
    0x08000cbc   0x00000040   Code   RO         3414    i.Calculate_FilteringCoefficient  filter.o
    0x08000cfc   0x00000018   Code   RO          868    i.DMA_Cmd           stm32f10x_dma.o
    0x08000d14   0x0000014c   Code   RO          869    i.DMA_DeInit        stm32f10x_dma.o
    0x08000e60   0x0000003c   Code   RO          874    i.DMA_Init          stm32f10x_dma.o
    0x08000e9c   0x00000002   Code   RO         3193    i.DebugMon_Handler  stm32f10x_it.o
    0x08000e9e   0x0000001a   Code   RO         3466    i.Delay             utility.o
    0x08000eb8   0x00000058   Code   RO         3268    i.EE_FindValidPage  eeprom.o
    0x08000f10   0x0000003c   Code   RO         3269    i.EE_Format         eeprom.o
    0x08000f4c   0x00000010   Code   RO         3270    i.EE_Init           eeprom.o
    0x08000f5c   0x00000060   Code   RO         3272    i.EE_ReadVariable   eeprom.o
    0x08000fbc   0x00000088   Code   RO         3273    i.EE_VerifyPageFullWriteVariable  eeprom.o
    0x08001044   0x0000004c   Code   RO          997    i.FLASH_ErasePage   stm32f10x_flash.o
    0x08001090   0x00000034   Code   RO          998    i.FLASH_GetBank1Status  stm32f10x_flash.o
    0x080010c4   0x00000040   Code   RO         1010    i.FLASH_ProgramHalfWord  stm32f10x_flash.o
    0x08001104   0x00000018   Code   RO         1015    i.FLASH_Unlock      stm32f10x_flash.o
    0x0800111c   0x00000026   Code   RO         1019    i.FLASH_WaitForLastOperation  stm32f10x_flash.o
    0x08001142   0x00000116   Code   RO         1292    i.GPIO_Init         stm32f10x_gpio.o
    0x08001258   0x00000090   Code   RO         1294    i.GPIO_PinRemapConfig  stm32f10x_gpio.o
    0x080012e8   0x00000004   Code   RO         1299    i.GPIO_ResetBits    stm32f10x_gpio.o
    0x080012ec   0x00000004   Code   RO         1300    i.GPIO_SetBits      stm32f10x_gpio.o
    0x080012f0   0x00000004   Code   RO         3194    i.HardFault_Handler  stm32f10x_it.o
    0x080012f4   0x000000a4   Code   RO         3646    i.I2C2_GPIO_Config  bsp_mpu.o
    0x08001398   0x00000030   Code   RO         3647    i.I2C_ACK           bsp_mpu.o
    0x080013c8   0x0000001c   Code   RO         3648    i.I2C_NACK          bsp_mpu.o
    0x080013e4   0x00000058   Code   RO         3649    i.I2C_ReadByte      bsp_mpu.o
    0x0800143c   0x00000058   Code   RO         3650    i.I2C_Start         bsp_mpu.o
    0x08001494   0x0000001c   Code   RO         3651    i.I2C_Stop          bsp_mpu.o
    0x080014b0   0x000000a0   Code   RO         3652    i.I2C_WaitAck       bsp_mpu.o
    0x08001550   0x00000048   Code   RO         3653    i.I2C_WriteByte     bsp_mpu.o
    0x08001598   0x00000064   Code   RO         3275    i.InitCurrWrAddress  eeprom.o
    0x080015fc   0x00000104   Code   RO         3654    i.InitMPU6050       bsp_mpu.o
    0x08001700   0x0000007c   Code   RO         3536    i.LED_Init          bsp_led.o
    0x0800177c   0x00000054   Code   RO         3621    i.MOTOR_Init        bsp_pwm.o
    0x080017d0   0x00000048   Code   RO         3655    i.MPU6050_Compose   bsp_mpu.o
    0x08001818   0x000000b4   Code   RO         3657    i.MPU6050_SequenceRead  bsp_mpu.o
    0x080018cc   0x00000004   Code   RO         3195    i.MemManage_Handler  stm32f10x_it.o
    0x080018d0   0x00000002   Code   RO         3196    i.NMI_Handler       stm32f10x_it.o
    0x080018d2   0x00000002   PAD
    0x080018d4   0x000000cc   Code   RO         3740    i.NRF24L01_Check    bsp_nrf24.o
    0x080019a0   0x00000094   Code   RO         3741    i.NRF24L01_Init     bsp_nrf24.o
    0x08001a34   0x00000020   Code   RO         3742    i.NRF24L01_Set_RX   bsp_nrf24.o
    0x08001a54   0x00000020   Code   RO         3743    i.NRF24L01_Set_TX   bsp_nrf24.o
    0x08001a74   0x00000040   Code   RO         3744    i.NRF_Read_Buf      bsp_nrf24.o
    0x08001ab4   0x0000002c   Code   RO         3745    i.NRF_Read_Reg      bsp_nrf24.o
    0x08001ae0   0x00000060   Code   RO         3746    i.NRF_Send_TX       bsp_nrf24.o
    0x08001b40   0x00000040   Code   RO         3747    i.NRF_Write_Buf     bsp_nrf24.o
    0x08001b80   0x0000002c   Code   RO         3748    i.NRF_Write_Reg     bsp_nrf24.o
    0x08001bac   0x0000002a   Code   RO         3548    i.NVIC_Configuration  bsp_usart.o
    0x08001bd6   0x00000002   PAD
    0x08001bd8   0x00000070   Code   RO          137    i.NVIC_Init         misc.o
    0x08001c48   0x00000014   Code   RO          138    i.NVIC_PriorityGroupConfig  misc.o
    0x08001c5c   0x00000002   Code   RO         3197    i.PendSV_Handler    stm32f10x_it.o
    0x08001c5e   0x00000002   PAD
    0x08001c60   0x00000018   Code   RO         1706    i.RCC_ADCCLKConfig  stm32f10x_rcc.o
    0x08001c78   0x00000020   Code   RO         1707    i.RCC_AHBPeriphClockCmd  stm32f10x_rcc.o
    0x08001c98   0x00000020   Code   RO         1708    i.RCC_APB1PeriphClockCmd  stm32f10x_rcc.o
    0x08001cb8   0x00000020   Code   RO         1710    i.RCC_APB2PeriphClockCmd  stm32f10x_rcc.o
    0x08001cd8   0x00000020   Code   RO         1711    i.RCC_APB2PeriphResetCmd  stm32f10x_rcc.o
    0x08001cf8   0x000000d8   Code   RO         1718    i.RCC_GetClocksFreq  stm32f10x_rcc.o
    0x08001dd0   0x00000018   Code   RO         2187    i.SPI_Cmd           stm32f10x_spi.o
    0x08001de8   0x00000012   Code   RO         2195    i.SPI_I2S_GetFlagStatus  stm32f10x_spi.o
    0x08001dfa   0x00000006   Code   RO         2198    i.SPI_I2S_ReceiveData  stm32f10x_spi.o
    0x08001e00   0x00000004   Code   RO         2199    i.SPI_I2S_SendData  stm32f10x_spi.o
    0x08001e04   0x0000003c   Code   RO         2200    i.SPI_Init          stm32f10x_spi.o
    0x08001e40   0x00000018   Code   RO         3749    i.SPI_NRF24L01_Init  bsp_nrf24.o
    0x08001e58   0x00000128   Code   RO         3750    i.SPI_NRF_Init      bsp_nrf24.o
    0x08001f80   0x0000005c   Code   RO         3751    i.SPI_RW            bsp_nrf24.o
    0x08001fdc   0x00000058   Code   RO         3752    i.SPI_TIMEOUT_UserCallback  bsp_nrf24.o
    0x08002034   0x00000002   Code   RO         3198    i.SVC_Handler       stm32f10x_it.o
    0x08002036   0x00000008   Code   RO           24    i.SetSysClock       system_stm32f10x.o
    0x0800203e   0x00000002   PAD
    0x08002040   0x000000e0   Code   RO           25    i.SetSysClockTo72   system_stm32f10x.o
    0x08002120   0x000000c4   Code   RO         3658    i.Single_ReadI2C    bsp_mpu.o
    0x080021e4   0x000000c8   Code   RO         3659    i.Single_WriteI2C   bsp_mpu.o
    0x080022ac   0x00000002   Code   RO         3199    i.SysTick_Handler   stm32f10x_it.o
    0x080022ae   0x00000002   PAD
    0x080022b0   0x00000060   Code   RO           27    i.SystemInit        system_stm32f10x.o
    0x08002310   0x0000002c   Code   RO         3622    i.TIM2_GPIO_Config  bsp_pwm.o
    0x0800233c   0x000000a2   Code   RO         3623    i.TIM2_Init_Config  bsp_pwm.o
    0x080023de   0x00000002   PAD
    0x080023e0   0x00000078   Code   RO         3200    i.TIM3_IRQHandler   stm32f10x_it.o
    0x08002458   0x00000010   Code   RO         3852    i.TIM3_Init         bsp_tim.o
    0x08002468   0x00000006   Code   RO         2336    i.TIM_ClearFlag     stm32f10x_tim.o
    0x0800246e   0x00000018   Code   RO         2342    i.TIM_Cmd           stm32f10x_tim.o
    0x08002486   0x00000012   Code   RO         2367    i.TIM_ITConfig      stm32f10x_tim.o
    0x08002498   0x00000098   Code   RO         2371    i.TIM_OC1Init       stm32f10x_tim.o
    0x08002530   0x00000012   Code   RO         2374    i.TIM_OC1PreloadConfig  stm32f10x_tim.o
    0x08002542   0x00000002   PAD
    0x08002544   0x000000a4   Code   RO         2376    i.TIM_OC2Init       stm32f10x_tim.o
    0x080025e8   0x0000001a   Code   RO         2379    i.TIM_OC2PreloadConfig  stm32f10x_tim.o
    0x08002602   0x00000002   PAD
    0x08002604   0x000000a0   Code   RO         2381    i.TIM_OC3Init       stm32f10x_tim.o
    0x080026a4   0x00000012   Code   RO         2384    i.TIM_OC3PreloadConfig  stm32f10x_tim.o
    0x080026b6   0x00000002   PAD
    0x080026b8   0x0000007c   Code   RO         2386    i.TIM_OC4Init       stm32f10x_tim.o
    0x08002734   0x0000001a   Code   RO         2388    i.TIM_OC4PreloadConfig  stm32f10x_tim.o
    0x0800274e   0x00000002   PAD
    0x08002750   0x000000a4   Code   RO         2413    i.TIM_TimeBaseInit  stm32f10x_tim.o
    0x080027f4   0x00000024   Code   RO         3201    i.USART1_IRQHandler  stm32f10x_it.o
    0x08002818   0x00000018   Code   RO         2878    i.USART_Cmd         stm32f10x_usart.o
    0x08002830   0x00000090   Code   RO         3549    i.USART_Config      bsp_usart.o
    0x080028c0   0x0000001a   Code   RO         2881    i.USART_GetFlagStatus  stm32f10x_usart.o
    0x080028da   0x00000054   Code   RO         2882    i.USART_GetITStatus  stm32f10x_usart.o
    0x0800292e   0x0000004a   Code   RO         2884    i.USART_ITConfig    stm32f10x_usart.o
    0x08002978   0x000000d8   Code   RO         2885    i.USART_Init        stm32f10x_usart.o
    0x08002a50   0x0000000a   Code   RO         2892    i.USART_ReceiveData  stm32f10x_usart.o
    0x08002a5a   0x00000008   Code   RO         2895    i.USART_SendData    stm32f10x_usart.o
    0x08002a62   0x00000004   Code   RO         3202    i.UsageFault_Handler  stm32f10x_it.o
    0x08002a66   0x0000001e   Code   RO         3550    i.Usart_SendByte    bsp_usart.o
    0x08002a84   0x00000020   Code   RO         4126    i.__0printf         mc_w.l(printfa.o)
    0x08002aa4   0x00000010   Code   RO         4130    i.__0vprintf        mc_w.l(printfa.o)
    0x08002ab4   0x000001f8   Code   RO         3276    i.__EE_Init         eeprom.o
    0x08002cac   0x0000000e   Code   RO         4266    i.__scatterload_copy  mc_w.l(handlers.o)
    0x08002cba   0x00000002   Code   RO         4267    i.__scatterload_null  mc_w.l(handlers.o)
    0x08002cbc   0x0000000e   Code   RO         4268    i.__scatterload_zeroinit  mc_w.l(handlers.o)
    0x08002cca   0x00000002   PAD
    0x08002ccc   0x00000164   Code   RO         4133    i._fp_digits        mc_w.l(printfa.o)
    0x08002e30   0x000006dc   Code   RO         4134    i._printf_core      mc_w.l(printfa.o)
    0x0800350c   0x00000024   Code   RO         4135    i._printf_post_padding  mc_w.l(printfa.o)
    0x08003530   0x0000002e   Code   RO         4136    i._printf_pre_padding  mc_w.l(printfa.o)
    0x0800355e   0x0000000c   Code   RO         3660    i.delay             bsp_mpu.o
    0x0800356a   0x00000002   PAD
    0x0800356c   0x00000024   Code   RO         3553    i.fputc             bsp_usart.o
    0x08003590   0x00000070   Code   RO         3112    i.main              main.o
    0x08003600   0x0000000c   Code   RO         3824    i.stm_log_timestamp  bsp_log.o
    0x0800360c   0x0000001e   Code   RO         3825    i.stm_log_write     bsp_log.o
    0x0800362a   0x00000002   PAD
    0x0800362c   0x00000005   Data   RO         3114    .conststring        main.o
    0x08003631   0x00000003   PAD
    0x08003634   0x00000004   Data   RO         3624    .conststring        bsp_pwm.o
    0x08003638   0x00000008   Data   RO         3662    .conststring        bsp_mpu.o
    0x08003640   0x00000009   Data   RO         3753    .conststring        bsp_nrf24.o
    0x08003649   0x00000003   PAD
    0x0800364c   0x00000020   Data   RO         4264    Region$$Table       anon$$obj.o


    Execution Region RW_IRAM1 (Base: 0x20000000, Size: 0x00000588, Max: 0x00005000, ABSOLUTE)

    Base Addr    Size         Type   Attr      Idx    E Section Name        Object

    0x20000000   0x00000014   Data   RW         1738    .data               stm32f10x_rcc.o
    0x20000014   0x00000010   Data   RW         3115    .data               main.o
    0x20000024   0x00000008   Data   RW         3277    .data               eeprom.o
    0x2000002c   0x00000054   Data   RW         3341    .data               struct.o
    0x20000080   0x0000001d   Data   RW         3416    .data               filter.o
    0x2000009d   0x00000003   PAD
    0x200000a0   0x00000018   Data   RW         3467    .data               utility.o
    0x200000b8   0x00000004   Data   RW         3625    .data               bsp_pwm.o
    0x200000bc   0x00000004   Data   RW         3663    .data               bsp_mpu.o
    0x200000c0   0x00000010   Data   RW         3754    .data               bsp_nrf24.o
    0x200000d0   0x00000004   Data   RW         4225    .data               mc_w.l(stdout.o)
    0x200000d4   0x00000020   Zero   RW         3113    .bss                main.o
    0x200000f4   0x00000040   Zero   RW         3593    .bss                bsp_adc.o
    0x20000134   0x00000054   Zero   RW         3661    .bss                bsp_mpu.o
    0x20000188   0x00000400   Zero   RW            1    STACK               startup_stm32f10x_md.o


==============================================================================

Image component sizes


      Code (inc. data)   RO Data    RW Data    ZI Data      Debug   Object Name

       308         18          0          0         64       2056   bsp_adc.o
       124         18          0          0          0        495   bsp_led.o
        42          6          0          0          0       1612   bsp_log.o
      1596        464          8          4         84       8800   bsp_mpu.o
      1228        252          9         16          0       7921   bsp_nrf24.o
       290         52          4          4          0       1641   bsp_pwm.o
       142          8          0          0          0       1452   bsp_tim.o
       252         14          0          0          0       2524   bsp_usart.o
         0          0          0          0          0       4504   core_cm3.o
      1000         64          0          8          0       5867   eeprom.o
        64         10          0         29          0       1935   filter.o
       264         86          5         16         32       6535   main.o
       132         22          0          0          0       1623   misc.o
        36          8        236          0       1024        852   startup_stm32f10x_md.o
       518         30          0          0          0       8741   stm32f10x_adc.o
       416          8          0          0          0       3534   stm32f10x_dma.o
       254         24          0          0          0       3045   stm32f10x_flash.o
       430          6          0          0          0       3986   stm32f10x_gpio.o
       182         34          0          0          0       4656   stm32f10x_it.o
       368         54          0         20          0       6298   stm32f10x_rcc.o
       112          0          0          0          0       3982   stm32f10x_spi.o
       900         92          0          0          0       8372   stm32f10x_tim.o
       442          6          0          0          0       6329   stm32f10x_usart.o
         0          0          0         84          0       2553   struct.o
       328         28          0          0          0     281285   system_stm32f10x.o
        26          0          0         24          0        895   utility.o

    ----------------------------------------------------------------------
      9482       1304        300        208       1204     381493   Object Totals
         0          0         32          0          0          0   (incl. Generated)
        28          0          6          3          0          0   (incl. Padding)

    ----------------------------------------------------------------------

      Code (inc. data)   RO Data    RW Data    ZI Data      Debug   Library Member Name

         0          0          0          0          0          0   entry.o
         0          0          0          0          0          0   entry10a.o
         0          0          0          0          0          0   entry11a.o
         8          4          0          0          0          0   entry2.o
         4          0          0          0          0          0   entry5.o
         0          0          0          0          0          0   entry7b.o
         0          0          0          0          0          0   entry8b.o
         8          4          0          0          0          0   entry9a.o
        30          0          0          0          0          0   handlers.o
        36          8          0          0          0         68   init.o
         0          0          0          0          0          0   iusefp.o
        30          0          0          0          0         68   llshl.o
        36          0          0          0          0         68   llsshr.o
        32          0          0          0          0         68   llushr.o
      2242         98          0          0          0        512   printfa.o
         0          0          0          4          0          0   stdout.o
        44          0          0          0          0         80   uidiv.o
        98          0          0          0          0         92   uldiv.o
        48          0          0          0          0         68   cdrcmple.o
       334          0          0          0          0        148   dadd.o
       222          0          0          0          0        100   ddiv.o
       186          0          0          0          0        176   depilogue.o
        48          0          0          0          0         68   dfixul.o
       228          0          0          0          0         96   dmul.o
       176          0          0          0          0        140   fadd.o
       124          0          0          0          0         88   fdiv.o
       110          0          0          0          0        168   fepilogue.o
       100          0          0          0          0         76   fmul.o

    ----------------------------------------------------------------------
      4150        114          0          4          0       2084   Library Totals
         6          0          0          0          0          0   (incl. Padding)

    ----------------------------------------------------------------------

      Code (inc. data)   RO Data    RW Data    ZI Data      Debug   Library Name

      2568        114          0          4          0        956   mc_w.l
      1576          0          0          0          0       1128   mf_w.l

    ----------------------------------------------------------------------
      4150        114          0          4          0       2084   Library Totals

    ----------------------------------------------------------------------

==============================================================================


      Code (inc. data)   RO Data    RW Data    ZI Data      Debug   

     13632       1418        300        212       1204     376501   Grand Totals
     13632       1418        300        212       1204     376501   ELF Image Totals
     13632       1418        300        212          0          0   ROM Totals

==============================================================================

    Total RO  Size (Code + RO Data)                13932 (  13.61kB)
    Total RW  Size (RW Data + ZI Data)              1416 (   1.38kB)
    Total ROM Size (Code + RO Data + RW Data)      14144 (  13.81kB)

==============================================================================

