<html>
<body>
<pre>
<h1>µVision Build Log</h1>
<h2>Tool Versions:</h2>
IDE-Version: ¦ÌVision V5.36.0.0
Copyright (C) 2021 ARM Ltd and ARM Germany GmbH. All rights reserved.
License Information:  ,  , LIC=HN0AE-5CQSF-EVN1R-K4XY7-Y7SGY-0IRVG
 
Tool Versions:
Toolchain:       MDK-ARM Plus  Version: 5.36.0.0
Toolchain Path:  C:\Keil_v5\ARM\ARMCC\Bin
C Compiler:      Armcc.exe V5.06 update 7 (build 960)
Assembler:       Armasm.exe V5.06 update 7 (build 960)
Linker/Locator:  ArmLink.exe V5.06 update 7 (build 960)
Library Manager: ArmAr.exe V5.06 update 7 (build 960)
Hex Converter:   FromElf.exe V5.06 update 7 (build 960)
CPU DLL:         SARMCM3.DLL V5.36.0.0
Dialog DLL:      DCM.DLL V1.17.3.0
Target DLL:      CMSIS_AGDI.dll V1.33.0.0
Dialog DLL:      TCM.DLL V1.53.0.0
 
<h2>Project:</h2>
E:\Website\Drone-Mercury\3-Module Test\6-NRF24L01\Project\STAN-103.uvprojx
Project File Date:  12/17/2022

<h2>Output:</h2>
*** Using Compiler 'V5.06 update 7 (build 960)', folder: 'C:\Keil_v5\ARM\ARMCC\Bin'
Build target 'Target 1'
compiling stm32f10x_it.c...
compiling main.c...
compiling bsp_NRF24.c...
..\User\NRF24\bsp_NRF24.c(329): warning:  #177-D: variable "sum"  was declared but never referenced
  	uint8_t sum = 0,i;
..\User\NRF24\bsp_NRF24.c(329): warning:  #177-D: variable "i"  was declared but never referenced
  	uint8_t sum = 0,i;
..\User\NRF24\bsp_NRF24.c(330): warning:  #177-D: variable "len"  was declared but never referenced
  	uint8_t len = NRF24L01_RXDATA[3] + 5;
..\User\NRF24\bsp_NRF24.c(453): warning:  #1-D: last line of file ends without a newline
  }
..\User\NRF24\bsp_NRF24.c(353): warning:  #177-D: function "nRF24L01_Set_TX_Mode"  was declared but never referenced
  static void nRF24L01_Set_TX_Mode(uint8_t *TX_Data)
..\User\NRF24\bsp_NRF24.c: 5 warnings, 0 errors
linking...
Program Size: Code=4552 RO-data=268 RW-data=36 ZI-data=1124  
FromELF: creating hex file...
".\Objects\STAN-103.axf" - 0 Error(s), 5 Warning(s).

<h2>Software Packages used:</h2>

Package Vendor: Keil
                http://www.keil.com/pack/Keil.STM32F1xx_DFP.2.3.0.pack
                Keil.STM32F1xx_DFP.2.3.0
                STMicroelectronics STM32F1 Series Device Support, Drivers and Examples

<h2>Collection of Component include folders:</h2>
  C:\Keil_v5\ARM\PACK\Keil\STM32F1xx_DFP\2.3.0\Device\Include

<h2>Collection of Component Files used:</h2>
Build Time Elapsed:  00:00:01
</pre>
</body>
</html>
